Archive member included to satisfy reference by file (symbol)

f:/mu/mounriver_studio2/resources/app/resources/win32/components/wch/toolchain/risc-v embedded gcc/bin/../lib/gcc/riscv-none-embed/8.2.0/../../../../riscv-none-embed/lib/rv32imacxw/ilp32\libm.a(lib_a-w_asin.o)
                              ./Fuation/src/inv_mpu.o (asin)
f:/mu/mounriver_studio2/resources/app/resources/win32/components/wch/toolchain/risc-v embedded gcc/bin/../lib/gcc/riscv-none-embed/8.2.0/../../../../riscv-none-embed/lib/rv32imacxw/ilp32\libm.a(lib_a-w_atan2.o)
                              ./Fuation/src/inv_mpu.o (atan2)
f:/mu/mounriver_studio2/resources/app/resources/win32/components/wch/toolchain/risc-v embedded gcc/bin/../lib/gcc/riscv-none-embed/8.2.0/../../../../riscv-none-embed/lib/rv32imacxw/ilp32\libm.a(lib_a-e_asin.o)
                              f:/mu/mounriver_studio2/resources/app/resources/win32/components/wch/toolchain/risc-v embedded gcc/bin/../lib/gcc/riscv-none-embed/8.2.0/../../../../riscv-none-embed/lib/rv32imacxw/ilp32\libm.a(lib_a-w_asin.o) (__ieee754_asin)
f:/mu/mounriver_studio2/resources/app/resources/win32/components/wch/toolchain/risc-v embedded gcc/bin/../lib/gcc/riscv-none-embed/8.2.0/../../../../riscv-none-embed/lib/rv32imacxw/ilp32\libm.a(lib_a-e_atan2.o)
                              f:/mu/mounriver_studio2/resources/app/resources/win32/components/wch/toolchain/risc-v embedded gcc/bin/../lib/gcc/riscv-none-embed/8.2.0/../../../../riscv-none-embed/lib/rv32imacxw/ilp32\libm.a(lib_a-w_atan2.o) (__ieee754_atan2)
f:/mu/mounriver_studio2/resources/app/resources/win32/components/wch/toolchain/risc-v embedded gcc/bin/../lib/gcc/riscv-none-embed/8.2.0/../../../../riscv-none-embed/lib/rv32imacxw/ilp32\libm.a(lib_a-e_sqrt.o)
                              f:/mu/mounriver_studio2/resources/app/resources/win32/components/wch/toolchain/risc-v embedded gcc/bin/../lib/gcc/riscv-none-embed/8.2.0/../../../../riscv-none-embed/lib/rv32imacxw/ilp32\libm.a(lib_a-e_asin.o) (__ieee754_sqrt)
f:/mu/mounriver_studio2/resources/app/resources/win32/components/wch/toolchain/risc-v embedded gcc/bin/../lib/gcc/riscv-none-embed/8.2.0/../../../../riscv-none-embed/lib/rv32imacxw/ilp32\libm.a(lib_a-s_atan.o)
                              f:/mu/mounriver_studio2/resources/app/resources/win32/components/wch/toolchain/risc-v embedded gcc/bin/../lib/gcc/riscv-none-embed/8.2.0/../../../../riscv-none-embed/lib/rv32imacxw/ilp32\libm.a(lib_a-e_atan2.o) (atan)
f:/mu/mounriver_studio2/resources/app/resources/win32/components/wch/toolchain/risc-v embedded gcc/bin/../lib/gcc/riscv-none-embed/8.2.0/../../../../riscv-none-embed/lib/rv32imacxw/ilp32\libm.a(lib_a-s_fabs.o)
                              f:/mu/mounriver_studio2/resources/app/resources/win32/components/wch/toolchain/risc-v embedded gcc/bin/../lib/gcc/riscv-none-embed/8.2.0/../../../../riscv-none-embed/lib/rv32imacxw/ilp32\libm.a(lib_a-w_asin.o) (fabs)
f:/mu/mounriver_studio2/resources/app/resources/win32/components/wch/toolchain/risc-v embedded gcc/bin/../lib/gcc/riscv-none-embed/8.2.0/../../../../riscv-none-embed/lib/rv32imacxw/ilp32\libm.a(lib_a-s_lib_ver.o)
                              f:/mu/mounriver_studio2/resources/app/resources/win32/components/wch/toolchain/risc-v embedded gcc/bin/../lib/gcc/riscv-none-embed/8.2.0/../../../../riscv-none-embed/lib/rv32imacxw/ilp32\libm.a(lib_a-w_asin.o) (__fdlib_version)
f:/mu/mounriver_studio2/resources/app/resources/win32/components/wch/toolchain/risc-v embedded gcc/bin/../lib/gcc/riscv-none-embed/8.2.0/../../../../riscv-none-embed/lib/rv32imacxw/ilp32\libm.a(lib_a-s_matherr.o)
                              f:/mu/mounriver_studio2/resources/app/resources/win32/components/wch/toolchain/risc-v embedded gcc/bin/../lib/gcc/riscv-none-embed/8.2.0/../../../../riscv-none-embed/lib/rv32imacxw/ilp32\libm.a(lib_a-w_asin.o) (matherr)
f:/mu/mounriver_studio2/resources/app/resources/win32/components/wch/toolchain/risc-v embedded gcc/bin/../lib/gcc/riscv-none-embed/8.2.0/../../../../riscv-none-embed/lib/rv32imacxw/ilp32\libm.a(lib_a-s_nan.o)
                              f:/mu/mounriver_studio2/resources/app/resources/win32/components/wch/toolchain/risc-v embedded gcc/bin/../lib/gcc/riscv-none-embed/8.2.0/../../../../riscv-none-embed/lib/rv32imacxw/ilp32\libm.a(lib_a-w_asin.o) (nan)
f:/mu/mounriver_studio2/resources/app/resources/win32/components/wch/toolchain/risc-v embedded gcc/bin/../lib/gcc/riscv-none-embed/8.2.0/rv32imacxw/ilp32\libgcc.a(_divdi3.o)
                              ./Fuation/src/inv_mpu.o (__divdi3)
f:/mu/mounriver_studio2/resources/app/resources/win32/components/wch/toolchain/risc-v embedded gcc/bin/../lib/gcc/riscv-none-embed/8.2.0/rv32imacxw/ilp32\libgcc.a(adddf3.o)
                              f:/mu/mounriver_studio2/resources/app/resources/win32/components/wch/toolchain/risc-v embedded gcc/bin/../lib/gcc/riscv-none-embed/8.2.0/../../../../riscv-none-embed/lib/rv32imacxw/ilp32\libm.a(lib_a-e_asin.o) (__adddf3)
[...]
Memory Configuration

Name             Origin             Length             Attributes
FLASH            0x0000000000000000 0x0000000000048000 xr
RAM              0x0000000020000000 0x0000000000008000 xrw
*default*        0x0000000000000000 0xffffffffffffffff

Linker script and memory map

LOAD ./User/ch32v30x_it.o
LOAD ./User/main.o
LOAD ./User/system_ch32v30x.o
LOAD ./Startup/startup_ch32v30x_D8C.o
LOAD ./Peripheral/src/ch32v30x_adc.o
LOAD ./Peripheral/src/ch32v30x_bkp.o
LOAD ./Peripheral/src/ch32v30x_can.o
LOAD ./Peripheral/src/ch32v30x_crc.o
LOAD ./Peripheral/src/ch32v30x_dac.o
LOAD ./Peripheral/src/ch32v30x_dbgmcu.o
LOAD ./Peripheral/src/ch32v30x_dma.o
LOAD ./Peripheral/src/ch32v30x_dvp.o
LOAD ./Peripheral/src/ch32v30x_eth.o
LOAD ./Peripheral/src/ch32v30x_exti.o
LOAD ./Peripheral/src/ch32v30x_flash.o
LOAD ./Peripheral/src/ch32v30x_fsmc.o
LOAD ./Peripheral/src/ch32v30x_gpio.o
LOAD ./Peripheral/src/ch32v30x_i2c.o
LOAD ./Peripheral/src/ch32v30x_iwdg.o
LOAD ./Peripheral/src/ch32v30x_misc.o
LOAD ./Peripheral/src/ch32v30x_opa.o
LOAD ./Peripheral/src/ch32v30x_pwr.o
LOAD ./Peripheral/src/ch32v30x_rcc.o
LOAD ./Peripheral/src/ch32v30x_rng.o
LOAD ./Peripheral/src/ch32v30x_rtc.o
LOAD ./Peripheral/src/ch32v30x_sdio.o
LOAD ./Peripheral/src/ch32v30x_spi.o
LOAD ./Peripheral/src/ch32v30x_tim.o
LOAD ./Peripheral/src/ch32v30x_usart.o
LOAD ./Peripheral/src/ch32v30x_wwdg.o
LOAD ./Fuation/src/atk_ms6050.o
LOAD ./Fuation/src/inv_mpu.o
LOAD ./Fuation/src/inv_mpu_dmp_motion_driver.o
LOAD ./Fuation/src/oled.o
LOAD ./Fuation/src/word.o
LOAD ./Driver/src/Driver_I2C2.o
LOAD ./Driver/src/Driver_Key.o
LOAD ./Driver/src/Driver_LED.o
LOAD ./Driver/src/Driver_TIM1.o
LOAD ./Driver/src/Driver_TIM4.o
LOAD ./Driver/src/Driver_TIM5.o
LOAD ./Driver/src/Driver_TIM6.o
LOAD ./Driver/src/Driver_USART.o
LOAD ./Debug/debug.o
LOAD ./Core/core_riscv.o
LOAD f:/mu/mounriver_studio2/resources/app/resources/win32/components/wch/toolchain/risc-v embedded gcc/bin/../lib/gcc/riscv-none-embed/8.2.0/../../../../riscv-none-embed/lib/rv32imacxw/ilp32\libm.a
LOAD f:/mu/mounriver_studio2/resources/app/resources/win32/components/wch/toolchain/risc-v embedded gcc/bin/../lib/gcc/riscv-none-embed/8.2.0/rv32imacxw/ilp32\libgcc.a
LOAD f:/mu/mounriver_studio2/resources/app/resources/win32/components/wch/toolchain/risc-v embedded gcc/bin/../lib/gcc/riscv-none-embed/8.2.0/../../../../riscv-none-embed/lib/rv32imacxw/ilp32\libg_nano.a
LOAD f:/mu/mounriver_studio2/resources/app/resources/win32/components/wch/toolchain/risc-v embedded gcc/bin/../lib/gcc/riscv-none-embed/8.2.0/../../../../riscv-none-embed/lib/rv32imacxw/ilp32\libc_nano.a
LOAD f:/mu/mounriver_studio2/resources/app/resources/win32/components/wch/toolchain/risc-v embedded gcc/bin/../lib/gcc/riscv-none-embed/8.2.0/rv32imacxw/ilp32\libgcc.a
START GROUP
LOAD f:/mu/mounriver_studio2/resources/app/resources/win32/components/wch/toolchain/risc-v embedded gcc/bin/../lib/gcc/riscv-none-embed/8.2.0/rv32imacxw/ilp32\libgcc.a
LOAD f:/mu/mounriver_studio2/resources/app/resources/win32/components/wch/toolchain/risc-v embedded gcc/bin/../lib/gcc/riscv-none-embed/8.2.0/../../../../riscv-none-embed/lib/rv32imacxw/ilp32\libc_nano.a
LOAD f:/mu/mounriver_studio2/resources/app/resources/win32/components/wch/toolchain/risc-v embedded gcc/bin/../lib/gcc/riscv-none-embed/8.2.0/../../../../riscv-none-embed/lib/rv32imacxw/ilp32\libnosys.a
END GROUP
START GROUP
LOAD f:/mu/mounriver_studio2/resources/app/resources/win32/components/wch/toolchain/risc-v embedded gcc/bin/../lib/gcc/riscv-none-embed/8.2.0/rv32imacxw/ilp32\libgcc.a
LOAD f:/mu/mounriver_studio2/resources/app/resources/win32/components/wch/toolchain/risc-v embedded gcc/bin/../lib/gcc/riscv-none-embed/8.2.0/../../../../riscv-none-embed/lib/rv32imacxw/ilp32\libc_nano.a
LOAD f:/mu/mounriver_studio2/resources/app/resources/win32/components/wch/toolchain/risc-v embedded gcc/bin/../lib/gcc/riscv-none-embed/8.2.0/../../../../riscv-none-embed/lib/rv32imacxw/ilp32\libnosys.a
END GROUP
                0x0000000000000800                __stack_size = 0x800
                [!provide]                        PROVIDE (_stack_size = __stack_size)

.init           0x0000000000000000        0x4
                0x0000000000000000                _sinit = .
                0x0000000000000000                . = ALIGN (0x4)
 *(SORT_NONE(.init))
 .init          0x0000000000000000        0x4 ./Startup/startup_ch32v30x_D8C.o
                0x0000000000000000                _start
                0x0000000000000004                . = ALIGN (0x4)
                0x0000000000000004                _einit = .

.vector         0x0000000000000004      0x1bc
 *(.vector)
 .vector        0x0000000000000004      0x1a0 ./Startup/startup_ch32v30x_D8C.o
                0x00000000000001c0                . = ALIGN (0x40)
 *fill*         0x00000000000001a4       0x1c 

.text           0x00000000000001c0     0x2e04
                0x00000000000001c0                . = ALIGN (0x4)
 *(.text)
 .text          0x00000000000001c0       0x60 f:/mu/mounriver_studio2/resources/app/resources/win32/components/wch/toolchain/risc-v embedded gcc/bin/../lib/gcc/riscv-none-embed/8.2.0/rv32imacxw/ilp32\libgcc.a(save-restore.o)
                0x00000000000001c0                __riscv_save_12
                0x00000000000001c8                __riscv_save_9
                0x00000000000001c8                __riscv_save_11
                0x00000000000001c8                __riscv_save_10
                0x00000000000001c8                __riscv_save_8
                0x00000000000001d6                __riscv_save_4
                0x00000000000001d6                __riscv_save_6
                0x00000000000001d6                __riscv_save_5
                0x00000000000001d6                __riscv_save_7
                0x00000000000001f0                __riscv_save_3
                0x00000000000001f0                __riscv_save_2
                0x00000000000001f0                __riscv_save_1
                0x00000000000001f0                __riscv_save_0
                0x00000000000001fc                __riscv_restore_12
                0x0000000000000200                __riscv_restore_11
                0x0000000000000200                __riscv_restore_9
                0x0000000000000200                __riscv_restore_10
                0x0000000000000200                __riscv_restore_8
                0x000000000000020a                __riscv_restore_5
                0x000000000000020a                __riscv_restore_7
                0x000000000000020a                __riscv_restore_6
                0x000000000000020a                __riscv_restore_4
                0x0000000000000214                __riscv_restore_3
                0x0000000000000214                __riscv_restore_0
                0x0000000000000214                __riscv_restore_2
                0x0000000000000214                __riscv_restore_1
 .text          0x0000000000000220       0xa8 f:/mu/mounriver_studio2/resources/app/resources/win32/components/wch/toolchain/risc-v embedded gcc/bin/../lib/gcc/riscv-none-embed/8.2.0/../../../../riscv-none-embed/lib/rv32imacxw/ilp32\libg_nano.a(lib_a-memset.o)
                0x0000000000000220                memset
 *(.text.*)
 .text.NMI_Handler
                0x00000000000002c8        0x2 ./User/ch32v30x_it.o
                0x00000000000002c8                NMI_Handler
 .text.HardFault_Handler
                0x00000000000002ca       0x10 ./User/ch32v30x_it.o
                0x00000000000002ca                HardFault_Handler
 .text.startup.main
                0x00000000000002da       0xd0 ./User/main.o
                0x00000000000002da                main
 .text.SystemInit
                0x00000000000003aa       0xfa ./User/system_ch32v30x.o
                0x00000000000003aa                SystemInit
 .text.SystemCoreClockUpdate
                0x00000000000004a4      0x12e ./User/system_ch32v30x.o
                0x00000000000004a4                SystemCoreClockUpdate
 .text.vector_handler
                0x00000000000005d2        0x2 ./Startup/startup_ch32v30x_D8C.o
                0x00000000000005d2                EXTI2_IRQHandler
                0x00000000000005d2                TIM8_TRG_COM_IRQHandler
                0x00000000000005d2                TIM8_CC_IRQHandler
                0x00000000000005d2                UART8_IRQHandler
                0x00000000000005d2                TIM1_CC_IRQHandler
                0x00000000000005d2                SysTick_Handler
                0x00000000000005d2                PVD_IRQHandler
                0x00000000000005d2                SDIO_IRQHandler
                0x00000000000005d2                TIM9_BRK_IRQHandler
                0x00000000000005d2                DMA2_Channel8_IRQHandler
                0x00000000000005d2                CAN2_RX1_IRQHandler
                0x00000000000005d2                EXTI3_IRQHandler
                0x00000000000005d2                USBHS_IRQHandler
                0x00000000000005d2                DMA2_Channel9_IRQHandler
                0x00000000000005d2                TIM10_CC_IRQHandler
                0x00000000000005d2                USBFS_IRQHandler
                0x00000000000005d2                EXTI0_IRQHandler
                0x00000000000005d2                I2C2_EV_IRQHandler
                0x00000000000005d2                TIM10_TRG_COM_IRQHandler
                0x00000000000005d2                CAN2_SCE_IRQHandler
                0x00000000000005d2                ADC1_2_IRQHandler
                0x00000000000005d2                Break_Point_Handler
                0x00000000000005d2                SPI1_IRQHandler
                0x00000000000005d2                TAMPER_IRQHandler
                0x00000000000005d2                CAN2_RX0_IRQHandler
                0x00000000000005d2                TIM8_UP_IRQHandler
                0x00000000000005d2                Ecall_M_Mode_Handler
                0x00000000000005d2                DMA2_Channel2_IRQHandler
                0x00000000000005d2                DMA1_Channel4_IRQHandler
                0x00000000000005d2                TIM9_UP_IRQHandler
                0x00000000000005d2                USART3_IRQHandler
                0x00000000000005d2                RTC_IRQHandler
                0x00000000000005d2                DMA1_Channel7_IRQHandler
                0x00000000000005d2                CAN1_RX1_IRQHandler
                0x00000000000005d2                DVP_IRQHandler
                0x00000000000005d2                UART5_IRQHandler
                0x00000000000005d2                TIM4_IRQHandler
                0x00000000000005d2                DMA2_Channel1_IRQHandler
                0x00000000000005d2                I2C1_EV_IRQHandler
                0x00000000000005d2                DMA1_Channel6_IRQHandler
                0x00000000000005d2                UART4_IRQHandler
                0x00000000000005d2                DMA2_Channel4_IRQHandler
                0x00000000000005d2                TIM3_IRQHandler
                0x00000000000005d2                RCC_IRQHandler
                0x00000000000005d2                TIM1_TRG_COM_IRQHandler
                0x00000000000005d2                DMA1_Channel1_IRQHandler
                0x00000000000005d2                DMA2_Channel7_IRQHandler
                0x00000000000005d2                TIM7_IRQHandler
                0x00000000000005d2                CAN2_TX_IRQHandler
                0x00000000000005d2                TIM5_IRQHandler
                0x00000000000005d2                EXTI9_5_IRQHandler
                0x00000000000005d2                ETH_WKUP_IRQHandler
                0x00000000000005d2                SPI2_IRQHandler
                0x00000000000005d2                TIM10_BRK_IRQHandler
                0x00000000000005d2                TIM9_CC_IRQHandler
                0x00000000000005d2                DMA2_Channel5_IRQHandler
                0x00000000000005d2                DMA1_Channel5_IRQHandler
                0x00000000000005d2                EXTI4_IRQHandler
                0x00000000000005d2                USB_LP_CAN1_RX0_IRQHandler
                0x00000000000005d2                RNG_IRQHandler
                0x00000000000005d2                USB_HP_CAN1_TX_IRQHandler
                0x00000000000005d2                DMA1_Channel3_IRQHandler
                0x00000000000005d2                ETH_IRQHandler
                0x00000000000005d2                WWDG_IRQHandler
                0x00000000000005d2                USBHSWakeup_IRQHandler
                0x00000000000005d2                DMA2_Channel11_IRQHandler
                0x00000000000005d2                Ecall_U_Mode_Handler
                0x00000000000005d2                DMA2_Channel6_IRQHandler
                0x00000000000005d2                TIM2_IRQHandler
                0x00000000000005d2                SW_Handler
                0x00000000000005d2                TIM1_BRK_IRQHandler
                0x00000000000005d2                DMA2_Channel10_IRQHandler
                0x00000000000005d2                EXTI1_IRQHandler
                0x00000000000005d2                RTCAlarm_IRQHandler
                0x00000000000005d2                TIM10_UP_IRQHandler
                0x00000000000005d2                TIM9_TRG_COM_IRQHandler
                0x00000000000005d2                UART7_IRQHandler
                0x00000000000005d2                USART2_IRQHandler
                0x00000000000005d2                UART6_IRQHandler
                0x00000000000005d2                I2C2_ER_IRQHandler
                0x00000000000005d2                DMA1_Channel2_IRQHandler
                0x00000000000005d2                TIM8_BRK_IRQHandler
                0x00000000000005d2                CAN1_SCE_IRQHandler
                0x00000000000005d2                FLASH_IRQHandler
                0x00000000000005d2                SPI3_IRQHandler
                0x00000000000005d2                I2C1_ER_IRQHandler
                0x00000000000005d2                USBWakeUp_IRQHandler
                0x00000000000005d2                DMA2_Channel3_IRQHandler
 .text.handle_reset
                0x00000000000005d4       0x8a ./Startup/startup_ch32v30x_D8C.o
                0x00000000000005d4                handle_reset
 .text.GPIO_Init
                0x000000000000065e       0xc0 ./Peripheral/src/ch32v30x_gpio.o
                0x000000000000065e                GPIO_Init
 .text.NVIC_PriorityGroupConfig
                0x000000000000071e        0x6 ./Peripheral/src/ch32v30x_misc.o
                0x000000000000071e                NVIC_PriorityGroupConfig
 .text.RCC_GetClocksFreq
                0x0000000000000724      0x176 ./Peripheral/src/ch32v30x_rcc.o
                0x0000000000000724                RCC_GetClocksFreq
 .text.RCC_APB2PeriphClockCmd
                0x000000000000089a       0x1e ./Peripheral/src/ch32v30x_rcc.o
                0x000000000000089a                RCC_APB2PeriphClockCmd
 .text.USART_Init
                0x00000000000008b8       0x8c ./Peripheral/src/ch32v30x_usart.o
                0x00000000000008b8                USART_Init
 .text.USART_Cmd
                0x0000000000000944       0x16 ./Peripheral/src/ch32v30x_usart.o
                0x0000000000000944                USART_Cmd
 .text.USART_SendData
                0x000000000000095a        0x8 ./Peripheral/src/ch32v30x_usart.o
                0x000000000000095a                USART_SendData
 .text.USART_GetFlagStatus
                0x0000000000000962        0xa ./Peripheral/src/ch32v30x_usart.o
                0x0000000000000962                USART_GetFlagStatus
 .text.atk_ms6050_write
                0x000000000000096c       0x52 ./Fuation/src/atk_ms6050.o
                0x000000000000096c                atk_ms6050_write
 .text.atk_ms6050_write_byte
                0x00000000000009be       0x16 ./Fuation/src/atk_ms6050.o
                0x00000000000009be                atk_ms6050_write_byte
 .text.atk_ms6050_read
                0x00000000000009d4       0x68 ./Fuation/src/atk_ms6050.o
                0x00000000000009d4                atk_ms6050_read
 .text.atk_ms6050_read_byte
                0x0000000000000a3c        0xe ./Fuation/src/atk_ms6050.o
                0x0000000000000a3c                atk_ms6050_read_byte
 .text.atk_ms6050_sw_reset
                0x0000000000000a4a       0x2a ./Fuation/src/atk_ms6050.o
                0x0000000000000a4a                atk_ms6050_sw_reset
 .text.atk_ms6050_set_gyro_fsr
                0x0000000000000a74       0x18 ./Fuation/src/atk_ms6050.o
                0x0000000000000a74                atk_ms6050_set_gyro_fsr
 .text.atk_ms6050_set_accel_fsr
                0x0000000000000a8c       0x18 ./Fuation/src/atk_ms6050.o
                0x0000000000000a8c                atk_ms6050_set_accel_fsr
 .text.atk_ms6050_set_lpf
                0x0000000000000aa4       0x40 ./Fuation/src/atk_ms6050.o
                0x0000000000000aa4                atk_ms6050_set_lpf
 .text.atk_ms6050_set_rate
                0x0000000000000ae4       0x4a ./Fuation/src/atk_ms6050.o
                0x0000000000000ae4                atk_ms6050_set_rate
 .text.atk_ms6050_get_temperature
                0x0000000000000b2e       0x5a ./Fuation/src/atk_ms6050.o
                0x0000000000000b2e                atk_ms6050_get_temperature
 .text.atk_ms6050_get_gyroscope
                0x0000000000000b88       0x42 ./Fuation/src/atk_ms6050.o
                0x0000000000000b88                atk_ms6050_get_gyroscope
 .text.atk_ms6050_get_accelerometer
                0x0000000000000bca       0x42 ./Fuation/src/atk_ms6050.o
                0x0000000000000bca                atk_ms6050_get_accelerometer
 .text.atk_ms6050_init
                0x0000000000000c0c       0xce ./Fuation/src/atk_ms6050.o
                0x0000000000000c0c                atk_ms6050_init
 .text.Driver_I2C2_Init
                0x0000000000000cda       0x30 ./Driver/src/Driver_I2C2.o
                0x0000000000000cda                Driver_I2C2_Init
 .text.Driver_I2C2_Start
                0x0000000000000d0a       0x32 ./Driver/src/Driver_I2C2.o
                0x0000000000000d0a                Driver_I2C2_Start
 .text.Driver_I2C2_Stop
                0x0000000000000d3c       0x32 ./Driver/src/Driver_I2C2.o
                0x0000000000000d3c                Driver_I2C2_Stop
 .text.Driver_I2C2_Ack
                0x0000000000000d6e       0x56 ./Driver/src/Driver_I2C2.o
                0x0000000000000d6e                Driver_I2C2_Ack
 .text.Driver_I2C2_NAck
                0x0000000000000dc4       0x3e ./Driver/src/Driver_I2C2.o
                0x0000000000000dc4                Driver_I2C2_NAck
 .text.Driver_I2C2_WaitAck
                0x0000000000000e02       0x46 ./Driver/src/Driver_I2C2.o
                0x0000000000000e02                Driver_I2C2_WaitAck
 .text.Driver_I2C_SendByte
                0x0000000000000e48       0x78 ./Driver/src/Driver_I2C2.o
                0x0000000000000e48                Driver_I2C_SendByte
 .text.Driver_I2C_ReadByteAck
                0x0000000000000ec0       0x62 ./Driver/src/Driver_I2C2.o
                0x0000000000000ec0                Driver_I2C_ReadByteAck
 .text.EXTI15_10_IRQHandler
                0x0000000000000f22       0x2e ./Driver/src/Driver_Key.o
                0x0000000000000f22                EXTI15_10_IRQHandler
 .text.Drviver_LED_On
                0x0000000000000f50       0x14 ./Driver/src/Driver_LED.o
                0x0000000000000f50                Drviver_LED_On
 .text.Drviver_LED_Off
                0x0000000000000f64       0x10 ./Driver/src/Driver_LED.o
                0x0000000000000f64                Drviver_LED_Off
 .text.Drviver_LED_Toggle
                0x0000000000000f74       0x1c ./Driver/src/Driver_LED.o
                0x0000000000000f74                Drviver_LED_Toggle
 .text.Driver_TIM1_Stop
                0x0000000000000f90       0x18 ./Driver/src/Driver_TIM1.o
                0x0000000000000f90                Driver_TIM1_Stop
 .text.TIM1_UP_IRQHandler
                0x0000000000000fa8       0x20 ./Driver/src/Driver_TIM1.o
                0x0000000000000fa8                TIM1_UP_IRQHandler
 .text.TIM6_IRQHandler
                0x0000000000000fc8       0x14 ./Driver/src/Driver_TIM6.o
                0x0000000000000fc8                TIM6_IRQHandler
 .text.USART1_IRQHandler
                0x0000000000000fdc       0x3e ./Driver/src/Driver_USART.o
                0x0000000000000fdc                USART1_IRQHandler
 .text.Delay_Init
                0x000000000000101a       0x2a ./Debug/debug.o
                0x000000000000101a                Delay_Init
 .text.Delay_Us
                0x0000000000001044       0x36 ./Debug/debug.o
                0x0000000000001044                Delay_Us
 .text.Delay_Ms
                0x000000000000107a       0x36 ./Debug/debug.o
                0x000000000000107a                Delay_Ms
 .text.USART_Printf_Init
                0x00000000000010b0       0x5a ./Debug/debug.o
                0x00000000000010b0                USART_Printf_Init
 .text._write   0x000000000000110a       0x3e ./Debug/debug.o
                0x000000000000110a                _write
 .text._sbrk    0x0000000000001148       0x26 ./Debug/debug.o
                0x0000000000001148                _sbrk
 .text.__addsf3
                0x000000000000116e      0x36a f:/mu/mounriver_studio2/resources/app/resources/win32/components/wch/toolchain/risc-v embedded gcc/bin/../lib/gcc/riscv-none-embed/8.2.0/rv32imacxw/ilp32\libgcc.a(addsf3.o)
                0x000000000000116e                __addsf3
 .text.__divsf3
                0x00000000000014d8      0x2ae f:/mu/mounriver_studio2/resources/app/resources/win32/components/wch/toolchain/risc-v embedded gcc/bin/../lib/gcc/riscv-none-embed/8.2.0/rv32imacxw/ilp32\libgcc.a(divsf3.o)
                0x00000000000014d8                __divsf3
 .text.__mulsf3
                0x0000000000001786      0x290 f:/mu/mounriver_studio2/resources/app/resources/win32/components/wch/toolchain/risc-v embedded gcc/bin/../lib/gcc/riscv-none-embed/8.2.0/rv32imacxw/ilp32\libgcc.a(mulsf3.o)
                0x0000000000001786                __mulsf3
 .text.__fixsfsi
                0x0000000000001a16       0x62 f:/mu/mounriver_studio2/resources/app/resources/win32/components/wch/toolchain/risc-v embedded gcc/bin/../lib/gcc/riscv-none-embed/8.2.0/rv32imacxw/ilp32\libgcc.a(fixsfsi.o)
                0x0000000000001a16                __fixsfsi
 .text.__floatsisf
                0x0000000000001a78       0xc6 f:/mu/mounriver_studio2/resources/app/resources/win32/components/wch/toolchain/risc-v embedded gcc/bin/../lib/gcc/riscv-none-embed/8.2.0/rv32imacxw/ilp32\libgcc.a(floatsisf.o)
                0x0000000000001a78                __floatsisf
 .text.__clzsi2
                0x0000000000001b3e       0x6e f:/mu/mounriver_studio2/resources/app/resources/win32/components/wch/toolchain/risc-v embedded gcc/bin/../lib/gcc/riscv-none-embed/8.2.0/rv32imacxw/ilp32\libgcc.a(_clzsi2.o)
                0x0000000000001b3e                __clzsi2
 .text.printf   0x0000000000001bac       0x3e f:/mu/mounriver_studio2/resources/app/resources/win32/components/wch/toolchain/risc-v embedded gcc/bin/../lib/gcc/riscv-none-embed/8.2.0/../../../../riscv-none-embed/lib/rv32imacxw/ilp32\libg_nano.a(lib_a-printf.o)
                0x0000000000001bac                iprintf
                0x0000000000001bac                printf
 .text.std      0x0000000000001bea       0x66 f:/mu/mounriver_studio2/resources/app/resources/win32/components/wch/toolchain/risc-v embedded gcc/bin/../lib/gcc/riscv-none-embed/8.2.0/../../../../riscv-none-embed/lib/rv32imacxw/ilp32\libg_nano.a(lib_a-findfp.o)
 .text._cleanup_r
                0x0000000000001c50        0xa f:/mu/mounriver_studio2/resources/app/resources/win32/components/wch/toolchain/risc-v embedded gcc/bin/../lib/gcc/riscv-none-embed/8.2.0/../../../../riscv-none-embed/lib/rv32imacxw/ilp32\libg_nano.a(lib_a-findfp.o)
                0x0000000000001c50                _cleanup_r
 .text.__sfmoreglue
                0x0000000000001c5a       0x46 f:/mu/mounriver_studio2/resources/app/resources/win32/components/wch/toolchain/risc-v embedded gcc/bin/../lib/gcc/riscv-none-embed/8.2.0/../../../../riscv-none-embed/lib/rv32imacxw/ilp32\libg_nano.a(lib_a-findfp.o)
                0x0000000000001c5a                __sfmoreglue
 .text.__sinit  0x0000000000001ca0       0x66 f:/mu/mounriver_studio2/resources/app/resources/win32/components/wch/toolchain/risc-v embedded gcc/bin/../lib/gcc/riscv-none-embed/8.2.0/../../../../riscv-none-embed/lib/rv32imacxw/ilp32\libg_nano.a(lib_a-findfp.o)
                0x0000000000001ca0                __sinit
 .text.__sfp    0x0000000000001d06       0x9c f:/mu/mounriver_studio2/resources/app/resources/win32/components/wch/toolchain/risc-v embedded gcc/bin/../lib/gcc/riscv-none-embed/8.2.0/../../../../riscv-none-embed/lib/rv32imacxw/ilp32\libg_nano.a(lib_a-findfp.o)
                0x0000000000001d06                __sfp
 .text._fwalk_reent
                0x0000000000001da2       0x6a f:/mu/mounriver_studio2/resources/app/resources/win32/components/wch/toolchain/risc-v embedded gcc/bin/../lib/gcc/riscv-none-embed/8.2.0/../../../../riscv-none-embed/lib/rv32imacxw/ilp32\libg_nano.a(lib_a-fwalk.o)
                0x0000000000001da2                _fwalk_reent
 .text._malloc_r
                0x0000000000001e0c       0xd4 f:/mu/mounriver_studio2/resources/app/resources/win32/components/wch/toolchain/risc-v embedded gcc/bin/../lib/gcc/riscv-none-embed/8.2.0/../../../../riscv-none-embed/lib/rv32imacxw/ilp32\libg_nano.a(lib_a-nano-mallocr.o)
                0x0000000000001e0c                _malloc_r
 .text.__sfputc_r
                0x0000000000001ee0       0x26 f:/mu/mounriver_studio2/resources/app/resources/win32/components/wch/toolchain/risc-v embedded gcc/bin/../lib/gcc/riscv-none-embed/8.2.0/../../../../riscv-none-embed/lib/rv32imacxw/ilp32\libg_nano.a(lib_a-nano-vfprintf.o)
 .text.__sfputs_r
                0x0000000000001f06       0x40 f:/mu/mounriver_studio2/resources/app/resources/win32/components/wch/toolchain/risc-v embedded gcc/bin/../lib/gcc/riscv-none-embed/8.2.0/../../../../riscv-none-embed/lib/rv32imacxw/ilp32\libg_nano.a(lib_a-nano-vfprintf.o)
                0x0000000000001f06                __sfputs_r
 .text._vfprintf_r
                0x0000000000001f46      0x288 f:/mu/mounriver_studio2/resources/app/resources/win32/components/wch/toolchain/risc-v embedded gcc/bin/../lib/gcc/riscv-none-embed/8.2.0/../../../../riscv-none-embed/lib/rv32imacxw/ilp32\libg_nano.a(lib_a-nano-vfprintf.o)
                0x0000000000001f46                _vfprintf_r
                0x0000000000001f46                _vfiprintf_r
 .text._printf_common
                0x00000000000021ce      0x10c f:/mu/mounriver_studio2/resources/app/resources/win32/components/wch/toolchain/risc-v embedded gcc/bin/../lib/gcc/riscv-none-embed/8.2.0/../../../../riscv-none-embed/lib/rv32imacxw/ilp32\libg_nano.a(lib_a-nano-vfprintf_i.o)
                0x00000000000021ce                _printf_common
 .text._printf_i
                0x00000000000022da      0x2a0 f:/mu/mounriver_studio2/resources/app/resources/win32/components/wch/toolchain/risc-v embedded gcc/bin/../lib/gcc/riscv-none-embed/8.2.0/../../../../riscv-none-embed/lib/rv32imacxw/ilp32\libg_nano.a(lib_a-nano-vfprintf_i.o)
                0x00000000000022da                _printf_i
 .text._sbrk_r  0x000000000000257a       0x2a f:/mu/mounriver_studio2/resources/app/resources/win32/components/wch/toolchain/risc-v embedded gcc/bin/../lib/gcc/riscv-none-embed/8.2.0/../../../../riscv-none-embed/lib/rv32imacxw/ilp32\libg_nano.a(lib_a-sbrkr.o)
                0x000000000000257a                _sbrk_r
 .text.__sread  0x00000000000025a4       0x2c f:/mu/mounriver_studio2/resources/app/resources/win32/components/wch/toolchain/risc-v embedded gcc/bin/../lib/gcc/riscv-none-embed/8.2.0/../../../../riscv-none-embed/lib/rv32imacxw/ilp32\libg_nano.a(lib_a-stdio.o)
                0x00000000000025a4                __sread
 .text.__swrite
                0x00000000000025d0       0x48 f:/mu/mounriver_studio2/resources/app/resources/win32/components/wch/toolchain/risc-v embedded gcc/bin/../lib/gcc/riscv-none-embed/8.2.0/../../../../riscv-none-embed/lib/rv32imacxw/ilp32\libg_nano.a(lib_a-stdio.o)
                0x00000000000025d0                __swrite
 .text.__sseek  0x0000000000002618       0x30 f:/mu/mounriver_studio2/resources/app/resources/win32/components/wch/toolchain/risc-v embedded gcc/bin/../lib/gcc/riscv-none-embed/8.2.0/../../../../riscv-none-embed/lib/rv32imacxw/ilp32\libg_nano.a(lib_a-stdio.o)
                0x0000000000002618                __sseek
 .text.__sclose
                0x0000000000002648        0x6 f:/mu/mounriver_studio2/resources/app/resources/win32/components/wch/toolchain/risc-v embedded gcc/bin/../lib/gcc/riscv-none-embed/8.2.0/../../../../riscv-none-embed/lib/rv32imacxw/ilp32\libg_nano.a(lib_a-stdio.o)
                0x0000000000002648                __sclose
 .text.__swbuf_r
                0x000000000000264e       0xbe f:/mu/mounriver_studio2/resources/app/resources/win32/components/wch/toolchain/risc-v embedded gcc/bin/../lib/gcc/riscv-none-embed/8.2.0/../../../../riscv-none-embed/lib/rv32imacxw/ilp32\libg_nano.a(lib_a-wbuf.o)
                0x000000000000264e                __swbuf_r
 .text._write_r
                0x000000000000270c       0x2e f:/mu/mounriver_studio2/resources/app/resources/win32/components/wch/toolchain/risc-v embedded gcc/bin/../lib/gcc/riscv-none-embed/8.2.0/../../../../riscv-none-embed/lib/rv32imacxw/ilp32\libg_nano.a(lib_a-writer.o)
                0x000000000000270c                _write_r
 .text.__swsetup_r
                0x000000000000273a       0xfe f:/mu/mounriver_studio2/resources/app/resources/win32/components/wch/toolchain/risc-v embedded gcc/bin/../lib/gcc/riscv-none-embed/8.2.0/../../../../riscv-none-embed/lib/rv32imacxw/ilp32\libg_nano.a(lib_a-wsetup.o)
                0x000000000000273a                __swsetup_r
 .text._close_r
                0x0000000000002838       0x28 f:/mu/mounriver_studio2/resources/app/resources/win32/components/wch/toolchain/risc-v embedded gcc/bin/../lib/gcc/riscv-none-embed/8.2.0/../../../../riscv-none-embed/lib/rv32imacxw/ilp32\libg_nano.a(lib_a-closer.o)
                0x0000000000002838                _close_r
 .text.__sflush_r
                0x0000000000002860      0x130 f:/mu/mounriver_studio2/resources/app/resources/win32/components/wch/toolchain/risc-v embedded gcc/bin/../lib/gcc/riscv-none-embed/8.2.0/../../../../riscv-none-embed/lib/rv32imacxw/ilp32\libg_nano.a(lib_a-fflush.o)
                0x0000000000002860                __sflush_r
 .text._fflush_r
                0x0000000000002990       0x66 f:/mu/mounriver_studio2/resources/app/resources/win32/components/wch/toolchain/risc-v embedded gcc/bin/../lib/gcc/riscv-none-embed/8.2.0/../../../../riscv-none-embed/lib/rv32imacxw/ilp32\libg_nano.a(lib_a-fflush.o)
                0x0000000000002990                _fflush_r
 .text._lseek_r
                0x00000000000029f6       0x2c f:/mu/mounriver_studio2/resources/app/resources/win32/components/wch/toolchain/risc-v embedded gcc/bin/../lib/gcc/riscv-none-embed/8.2.0/../../../../riscv-none-embed/lib/rv32imacxw/ilp32\libg_nano.a(lib_a-lseekr.o)
                0x00000000000029f6                _lseek_r
 .text.__swhatbuf_r
                0x0000000000002a22       0x56 f:/mu/mounriver_studio2/resources/app/resources/win32/components/wch/toolchain/risc-v embedded gcc/bin/../lib/gcc/riscv-none-embed/8.2.0/../../../../riscv-none-embed/lib/rv32imacxw/ilp32\libg_nano.a(lib_a-makebuf.o)
                0x0000000000002a22                __swhatbuf_r
 .text.__smakebuf_r
                0x0000000000002a78       0x90 f:/mu/mounriver_studio2/resources/app/resources/win32/components/wch/toolchain/risc-v embedded gcc/bin/../lib/gcc/riscv-none-embed/8.2.0/../../../../riscv-none-embed/lib/rv32imacxw/ilp32\libg_nano.a(lib_a-makebuf.o)
                0x0000000000002a78                __smakebuf_r
 .text.memchr   0x0000000000002b08       0x18 f:/mu/mounriver_studio2/resources/app/resources/win32/components/wch/toolchain/risc-v embedded gcc/bin/../lib/gcc/riscv-none-embed/8.2.0/../../../../riscv-none-embed/lib/rv32imacxw/ilp32\libg_nano.a(lib_a-memchr.o)
                0x0000000000002b08                memchr
 .text.__malloc_lock
                0x0000000000002b20        0x2 f:/mu/mounriver_studio2/resources/app/resources/win32/components/wch/toolchain/risc-v embedded gcc/bin/../lib/gcc/riscv-none-embed/8.2.0/../../../../riscv-none-embed/lib/rv32imacxw/ilp32\libg_nano.a(lib_a-mlock.o)
                0x0000000000002b20                __malloc_lock
 .text.__malloc_unlock
                0x0000000000002b22        0x2 f:/mu/mounriver_studio2/resources/app/resources/win32/components/wch/toolchain/risc-v embedded gcc/bin/../lib/gcc/riscv-none-embed/8.2.0/../../../../riscv-none-embed/lib/rv32imacxw/ilp32\libg_nano.a(lib_a-mlock.o)
                0x0000000000002b22                __malloc_unlock
 .text._free_r  0x0000000000002b24       0xa4 f:/mu/mounriver_studio2/resources/app/resources/win32/components/wch/toolchain/risc-v embedded gcc/bin/../lib/gcc/riscv-none-embed/8.2.0/../../../../riscv-none-embed/lib/rv32imacxw/ilp32\libg_nano.a(lib_a-nano-freer.o)
                0x0000000000002b24                _free_r
 .text._read_r  0x0000000000002bc8       0x2c f:/mu/mounriver_studio2/resources/app/resources/win32/components/wch/toolchain/risc-v embedded gcc/bin/../lib/gcc/riscv-none-embed/8.2.0/../../../../riscv-none-embed/lib/rv32imacxw/ilp32\libg_nano.a(lib_a-readr.o)
                0x0000000000002bc8                _read_r
 .text._fstat_r
                0x0000000000002bf4       0x2a f:/mu/mounriver_studio2/resources/app/resources/win32/components/wch/toolchain/risc-v embedded gcc/bin/../lib/gcc/riscv-none-embed/8.2.0/../../../../riscv-none-embed/lib/rv32imacxw/ilp32\libg_nano.a(lib_a-fstatr.o)
                0x0000000000002bf4                _fstat_r
 .text._isatty_r
                0x0000000000002c1e       0x28 f:/mu/mounriver_studio2/resources/app/resources/win32/components/wch/toolchain/risc-v embedded gcc/bin/../lib/gcc/riscv-none-embed/8.2.0/../../../../riscv-none-embed/lib/rv32imacxw/ilp32\libg_nano.a(lib_a-isattyr.o)
                0x0000000000002c1e                _isatty_r
 .text._close   0x0000000000002c46        0xc f:/mu/mounriver_studio2/resources/app/resources/win32/components/wch/toolchain/risc-v embedded gcc/bin/../lib/gcc/riscv-none-embed/8.2.0/../../../../riscv-none-embed/lib/rv32imacxw/ilp32\libnosys.a(close.o)
                0x0000000000002c46                _close
 .text._fstat   0x0000000000002c52        0xc f:/mu/mounriver_studio2/resources/app/resources/win32/components/wch/toolchain/risc-v embedded gcc/bin/../lib/gcc/riscv-none-embed/8.2.0/../../../../riscv-none-embed/lib/rv32imacxw/ilp32\libnosys.a(fstat.o)
                0x0000000000002c52                _fstat
 .text._isatty  0x0000000000002c5e        0xc f:/mu/mounriver_studio2/resources/app/resources/win32/components/wch/toolchain/risc-v embedded gcc/bin/../lib/gcc/riscv-none-embed/8.2.0/../../../../riscv-none-embed/lib/rv32imacxw/ilp32\libnosys.a(isatty.o)
                0x0000000000002c5e                _isatty
 .text._lseek   0x0000000000002c6a        0xc f:/mu/mounriver_studio2/resources/app/resources/win32/components/wch/toolchain/risc-v embedded gcc/bin/../lib/gcc/riscv-none-embed/8.2.0/../../../../riscv-none-embed/lib/rv32imacxw/ilp32\libnosys.a(lseek.o)
                0x0000000000002c6a                _lseek
 .text._read    0x0000000000002c76        0xc f:/mu/mounriver_studio2/resources/app/resources/win32/components/wch/toolchain/risc-v embedded gcc/bin/../lib/gcc/riscv-none-embed/8.2.0/../../../../riscv-none-embed/lib/rv32imacxw/ilp32\libnosys.a(read.o)
                0x0000000000002c76                _read
 *(.rodata)
 *(.rodata*)
 *fill*         0x0000000000002c82        0x2 
 .rodata.main.str1.4
                0x0000000000002c84       0xd5 ./User/main.o
 *fill*         0x0000000000002d59        0x3 
 .rodata.atk_ms6050_get_temperature.cst4
                0x0000000000002d5c        0xc ./Fuation/src/atk_ms6050.o
 .rodata.__divsf3
                0x0000000000002d68       0x80 f:/mu/mounriver_studio2/resources/app/resources/win32/components/wch/toolchain/risc-v embedded gcc/bin/../lib/gcc/riscv-none-embed/8.2.0/rv32imacxw/ilp32\libgcc.a(divsf3.o)
 .rodata.__mulsf3
                0x0000000000002de8       0x40 f:/mu/mounriver_studio2/resources/app/resources/win32/components/wch/toolchain/risc-v embedded gcc/bin/../lib/gcc/riscv-none-embed/8.2.0/rv32imacxw/ilp32\libgcc.a(mulsf3.o)
 .rodata.__clz_tab
                0x0000000000002e28      0x100 f:/mu/mounriver_studio2/resources/app/resources/win32/components/wch/toolchain/risc-v embedded gcc/bin/../lib/gcc/riscv-none-embed/8.2.0/rv32imacxw/ilp32\libgcc.a(_clz.o)
                0x0000000000002e28                __clz_tab
 .rodata.__sf_fake_stderr
                0x0000000000002f28       0x20 f:/mu/mounriver_studio2/resources/app/resources/win32/components/wch/toolchain/risc-v embedded gcc/bin/../lib/gcc/riscv-none-embed/8.2.0/../../../../riscv-none-embed/lib/rv32imacxw/ilp32\libg_nano.a(lib_a-findfp.o)
                0x0000000000002f28                __sf_fake_stderr
 .rodata.__sf_fake_stdin
                0x0000000000002f48       0x20 f:/mu/mounriver_studio2/resources/app/resources/win32/components/wch/toolchain/risc-v embedded gcc/bin/../lib/gcc/riscv-none-embed/8.2.0/../../../../riscv-none-embed/lib/rv32imacxw/ilp32\libg_nano.a(lib_a-findfp.o)
                0x0000000000002f48                __sf_fake_stdin
 .rodata.__sf_fake_stdout
                0x0000000000002f68       0x20 f:/mu/mounriver_studio2/resources/app/resources/win32/components/wch/toolchain/risc-v embedded gcc/bin/../lib/gcc/riscv-none-embed/8.2.0/../../../../riscv-none-embed/lib/rv32imacxw/ilp32\libg_nano.a(lib_a-findfp.o)
                0x0000000000002f68                __sf_fake_stdout
 .rodata._vfprintf_r.str1.4
                0x0000000000002f88       0x13 f:/mu/mounriver_studio2/resources/app/resources/win32/components/wch/toolchain/risc-v embedded gcc/bin/../lib/gcc/riscv-none-embed/8.2.0/../../../../riscv-none-embed/lib/rv32imacxw/ilp32\libg_nano.a(lib_a-nano-vfprintf.o)
 *fill*         0x0000000000002f9b        0x1 
 .rodata._printf_i.str1.4
                0x0000000000002f9c       0x28 f:/mu/mounriver_studio2/resources/app/resources/win32/components/wch/toolchain/risc-v embedded gcc/bin/../lib/gcc/riscv-none-embed/8.2.0/../../../../riscv-none-embed/lib/rv32imacxw/ilp32\libg_nano.a(lib_a-nano-vfprintf_i.o)
                                         0x25 (size before relaxing)
 *(.gnu.linkonce.t.*)
                0x0000000000002fc4                . = ALIGN (0x4)

.rela.dyn       0x0000000000002fc4        0x0
 .rela.init     0x0000000000002fc4        0x0 ./User/ch32v30x_it.o
 .rela.vector   0x0000000000002fc4        0x0 ./User/ch32v30x_it.o
 .rela.text.handle_reset
                0x0000000000002fc4        0x0 ./User/ch32v30x_it.o
 .rela.text._sbrk
                0x0000000000002fc4        0x0 ./User/ch32v30x_it.o
 .rela.sdata.curbrk.5274
                0x0000000000002fc4        0x0 ./User/ch32v30x_it.o
 .rela.text._vfprintf_r
                0x0000000000002fc4        0x0 ./User/ch32v30x_it.o
 .rela.text._sbrk_r
                0x0000000000002fc4        0x0 ./User/ch32v30x_it.o
 .rela.text._write_r
                0x0000000000002fc4        0x0 ./User/ch32v30x_it.o
 .rela.text._close_r
                0x0000000000002fc4        0x0 ./User/ch32v30x_it.o
 .rela.text._lseek_r
                0x0000000000002fc4        0x0 ./User/ch32v30x_it.o
 .rela.text._read_r
                0x0000000000002fc4        0x0 ./User/ch32v30x_it.o
 .rela.text._fstat_r
                0x0000000000002fc4        0x0 ./User/ch32v30x_it.o
 .rela.text._isatty_r
                0x0000000000002fc4        0x0 ./User/ch32v30x_it.o
 .rela.text._close
                0x0000000000002fc4        0x0 ./User/ch32v30x_it.o
 .rela.text._fstat
                0x0000000000002fc4        0x0 ./User/ch32v30x_it.o
 .rela.text._isatty
                0x0000000000002fc4        0x0 ./User/ch32v30x_it.o
 .rela.text._lseek
                0x0000000000002fc4        0x0 ./User/ch32v30x_it.o
 .rela.text._read
                0x0000000000002fc4        0x0 ./User/ch32v30x_it.o

.fini           0x0000000000002fc4        0x0
 *(SORT_NONE(.fini))
                0x0000000000002fc4                . = ALIGN (0x4)
                [!provide]                        PROVIDE (_etext = .)
                [!provide]                        PROVIDE (_eitcm = .)

.preinit_array  0x0000000000002fc4        0x0
                [!provide]                        PROVIDE (__preinit_array_start = .)
 *(.preinit_array)
                [!provide]                        PROVIDE (__preinit_array_end = .)

.init_array     0x0000000000002fc4        0x0
                [!provide]                        PROVIDE (__init_array_start = .)
 *(SORT_BY_INIT_PRIORITY(.init_array.*) SORT_BY_INIT_PRIORITY(.ctors.*))
 *(.init_array EXCLUDE_FILE(*crtend?.o *crtend.o *crtbegin?.o *crtbegin.o) .ctors)
                [!provide]                        PROVIDE (__init_array_end = .)

.fini_array     0x0000000000002fc4        0x0
                [!provide]                        PROVIDE (__fini_array_start = .)
 *(SORT_BY_INIT_PRIORITY(.fini_array.*) SORT_BY_INIT_PRIORITY(.dtors.*))
 *(.fini_array EXCLUDE_FILE(*crtend?.o *crtend.o *crtbegin?.o *crtbegin.o) .dtors)
                [!provide]                        PROVIDE (__fini_array_end = .)

.ctors
 *crtbegin.o(.ctors)
 *crtbegin?.o(.ctors)
 *(EXCLUDE_FILE(*crtend?.o *crtend.o) .ctors)
 *(SORT_BY_NAME(.ctors.*))
 *(.ctors)

.dtors
 *crtbegin.o(.dtors)
 *crtbegin?.o(.dtors)
 *(EXCLUDE_FILE(*crtend?.o *crtend.o) .dtors)
 *(SORT_BY_NAME(.dtors.*))
 *(.dtors)

.dalign         0x0000000020000000        0x0 load address 0x0000000000002fc4
                0x0000000020000000                . = ALIGN (0x4)
                0x0000000020000000                PROVIDE (_data_vma = .)

.dlalign        0x0000000000002fc4        0x0
                0x0000000000002fc4                . = ALIGN (0x4)
                0x0000000000002fc4                PROVIDE (_data_lma = .)

.data           0x0000000020000000       0x98 load address 0x0000000000002fc4
 *(.gnu.linkonce.r.*)
 *(.data .data.*)
 .data.AHBPrescTable
                0x0000000020000000       0x10 ./User/system_ch32v30x.o
                0x0000000020000000                AHBPrescTable
 .data.APBAHBPrescTable
                0x0000000020000010       0x10 ./Peripheral/src/ch32v30x_rcc.o
 .data.impure_data
                0x0000000020000020       0x60 f:/mu/mounriver_studio2/resources/app/resources/win32/components/wch/toolchain/risc-v embedded gcc/bin/../lib/gcc/riscv-none-embed/8.2.0/../../../../riscv-none-embed/lib/rv32imacxw/ilp32\libg_nano.a(lib_a-impure.o)
 *(.gnu.linkonce.d.*)
                0x0000000020000080                . = ALIGN (0x8)
                0x0000000020000880                PROVIDE (__global_pointer$ = (. + 0x800))
 *(.sdata .sdata.*)
 .sdata.SystemCoreClock
                0x0000000020000080        0x4 ./User/system_ch32v30x.o
                0x0000000020000080                SystemCoreClock
 .sdata.ADCPrescTable
                0x0000000020000084        0x4 ./Peripheral/src/ch32v30x_rcc.o
 .sdata.curbrk.5274
                0x0000000020000088        0x4 ./Debug/debug.o
 .sdata._impure_ptr
                0x000000002000008c        0x4 f:/mu/mounriver_studio2/resources/app/resources/win32/components/wch/toolchain/risc-v embedded gcc/bin/../lib/gcc/riscv-none-embed/8.2.0/../../../../riscv-none-embed/lib/rv32imacxw/ilp32\libg_nano.a(lib_a-impure.o)
                0x000000002000008c                _impure_ptr
 *(.sdata2.*)
 .sdata2._global_impure_ptr
                0x0000000020000090        0x4 f:/mu/mounriver_studio2/resources/app/resources/win32/components/wch/toolchain/risc-v embedded gcc/bin/../lib/gcc/riscv-none-embed/8.2.0/../../../../riscv-none-embed/lib/rv32imacxw/ilp32\libg_nano.a(lib_a-impure.o)
                0x0000000020000090                _global_impure_ptr
 *(.gnu.linkonce.s.*)
                0x0000000020000098                . = ALIGN (0x8)
 *fill*         0x0000000020000094        0x4 
 *(.srodata.cst16)
 *(.srodata.cst8)
 *(.srodata.cst4)
 *(.srodata.cst2)
 *(.srodata .srodata.*)
                0x0000000020000098                . = ALIGN (0x4)
                0x0000000020000098                PROVIDE (_edata = .)

.bss            0x0000000020000098       0x7c load address 0x000000000000305c
                0x0000000020000098                . = ALIGN (0x4)
                0x0000000020000098                PROVIDE (_sbss = .)
 *(.sbss*)
 .sbss.NVIC_Priority_Group
                0x0000000020000098        0x4 ./Peripheral/src/ch32v30x_misc.o
                0x0000000020000098                NVIC_Priority_Group
 .sbss.isToSend
                0x000000002000009c        0x1 ./Driver/src/Driver_USART.o
                0x000000002000009c                isToSend
 .sbss.len      0x000000002000009d        0x1 ./Driver/src/Driver_USART.o
                0x000000002000009d                len
 .sbss.p_ms     0x000000002000009e        0x2 ./Debug/debug.o
 .sbss.p_us     0x00000000200000a0        0x1 ./Debug/debug.o
 *fill*         0x00000000200000a1        0x3 
 .sbss.__malloc_free_list
                0x00000000200000a4        0x4 f:/mu/mounriver_studio2/resources/app/resources/win32/components/wch/toolchain/risc-v embedded gcc/bin/../lib/gcc/riscv-none-embed/8.2.0/../../../../riscv-none-embed/lib/rv32imacxw/ilp32\libg_nano.a(lib_a-nano-mallocr.o)
                0x00000000200000a4                __malloc_free_list
 .sbss.__malloc_sbrk_start
                0x00000000200000a8        0x4 f:/mu/mounriver_studio2/resources/app/resources/win32/components/wch/toolchain/risc-v embedded gcc/bin/../lib/gcc/riscv-none-embed/8.2.0/../../../../riscv-none-embed/lib/rv32imacxw/ilp32\libg_nano.a(lib_a-nano-mallocr.o)
                0x00000000200000a8                __malloc_sbrk_start
 *(.gnu.linkonce.sb.*)
 *(.bss*)
 .bss.buff      0x00000000200000ac       0x64 ./Driver/src/Driver_USART.o
                0x00000000200000ac                buff
 *(.gnu.linkonce.b.*)
 *(COMMON*)
 COMMON         0x0000000020000110        0x4 f:/mu/mounriver_studio2/resources/app/resources/win32/components/wch/toolchain/risc-v embedded gcc/bin/../lib/gcc/riscv-none-embed/8.2.0/../../../../riscv-none-embed/lib/rv32imacxw/ilp32\libg_nano.a(lib_a-reent.o)
                0x0000000020000110                errno
                0x0000000020000114                . = ALIGN (0x4)
                0x0000000020000114                PROVIDE (_ebss = .)
                0x0000000020000114                PROVIDE (_end = _ebss)
                [!provide]                        PROVIDE (end = .)

.stack          0x0000000020007800      0x800
                0x0000000020007800                PROVIDE (_heap_end = .)
                0x0000000020007800                . = ALIGN (0x4)
                [!provide]                        PROVIDE (_susrstack = .)
                0x0000000020008000                . = (. + __stack_size)
 *fill*         0x0000000020007800      0x800 
                0x0000000020008000                PROVIDE (_eusrstack = .)
OUTPUT(CH32V307VCT6.elf elf32-littleriscv)

.debug_info     0x0000000000000000     0xecfb
 .debug_info    0x0000000000000000      0xbc0 ./User/ch32v30x_it.o
 .debug_info    0x0000000000000bc0      0xc07 ./User/main.o
 .debug_info    0x00000000000017c7      0xbb5 ./User/system_ch32v30x.o
 .debug_info    0x000000000000237c       0x22 ./Startup/startup_ch32v30x_D8C.o
 .debug_info    0x000000000000239e     0x12aa ./Peripheral/src/ch32v30x_gpio.o
 .debug_info    0x0000000000003648      0xf60 ./Peripheral/src/ch32v30x_misc.o
 .debug_info    0x00000000000045a8     0x158a ./Peripheral/src/ch32v30x_rcc.o
 .debug_info    0x0000000000005b32     0x13cd ./Peripheral/src/ch32v30x_usart.o
 .debug_info    0x0000000000006eff     0x1345 ./Fuation/src/atk_ms6050.o
 .debug_info    0x0000000000008244      0xdec ./Driver/src/Driver_I2C2.o
 .debug_info    0x0000000000009030      0xeb8 ./Driver/src/Driver_Key.o
 .debug_info    0x0000000000009ee8      0xc38 ./Driver/src/Driver_LED.o
 .debug_info    0x000000000000ab20     0x12ba ./Driver/src/Driver_TIM1.o
 .debug_info    0x000000000000bdda      0xfa8 ./Driver/src/Driver_TIM6.o
 .debug_info    0x000000000000cd82     0x102f ./Driver/src/Driver_USART.o
 .debug_info    0x000000000000ddb1      0xf4a ./Debug/debug.o

.debug_abbrev   0x0000000000000000     0x2a50
 .debug_abbrev  0x0000000000000000      0x22c ./User/ch32v30x_it.o
 .debug_abbrev  0x000000000000022c      0x257 ./User/main.o
 .debug_abbrev  0x0000000000000483      0x2c0 ./User/system_ch32v30x.o
 .debug_abbrev  0x0000000000000743       0x12 ./Startup/startup_ch32v30x_D8C.o
 .debug_abbrev  0x0000000000000755      0x31a ./Peripheral/src/ch32v30x_gpio.o
 .debug_abbrev  0x0000000000000a6f      0x2e3 ./Peripheral/src/ch32v30x_misc.o
 .debug_abbrev  0x0000000000000d52      0x351 ./Peripheral/src/ch32v30x_rcc.o
 .debug_abbrev  0x00000000000010a3      0x312 ./Peripheral/src/ch32v30x_usart.o
 .debug_abbrev  0x00000000000013b5      0x3b9 ./Fuation/src/atk_ms6050.o
 .debug_abbrev  0x000000000000176e      0x2b7 ./Driver/src/Driver_I2C2.o
 .debug_abbrev  0x0000000000001a25      0x255 ./Driver/src/Driver_Key.o
 .debug_abbrev  0x0000000000001c7a      0x26c ./Driver/src/Driver_LED.o
 .debug_abbrev  0x0000000000001ee6      0x2d0 ./Driver/src/Driver_TIM1.o
 .debug_abbrev  0x00000000000021b6      0x26f ./Driver/src/Driver_TIM6.o
 .debug_abbrev  0x0000000000002425      0x336 ./Driver/src/Driver_USART.o
 .debug_abbrev  0x000000000000275b      0x2f5 ./Debug/debug.o

.debug_aranges  0x0000000000000000      0x660
 .debug_aranges
                0x0000000000000000       0x28 ./User/ch32v30x_it.o
 .debug_aranges
                0x0000000000000028       0x20 ./User/main.o
 .debug_aranges
                0x0000000000000048       0x28 ./User/system_ch32v30x.o
 .debug_aranges
                0x0000000000000070       0x30 ./Startup/startup_ch32v30x_D8C.o
 .debug_aranges
                0x00000000000000a0       0xb0 ./Peripheral/src/ch32v30x_gpio.o
 .debug_aranges
                0x0000000000000150       0x28 ./Peripheral/src/ch32v30x_misc.o
 .debug_aranges
                0x0000000000000178      0x1a8 ./Peripheral/src/ch32v30x_rcc.o
 .debug_aranges
                0x0000000000000320       0xf0 ./Peripheral/src/ch32v30x_usart.o
 .debug_aranges
                0x0000000000000410       0x80 ./Fuation/src/atk_ms6050.o
 .debug_aranges
                0x0000000000000490       0x60 ./Driver/src/Driver_I2C2.o
 .debug_aranges
                0x00000000000004f0       0x28 ./Driver/src/Driver_Key.o
 .debug_aranges
                0x0000000000000518       0x48 ./Driver/src/Driver_LED.o
 .debug_aranges
                0x0000000000000560       0x38 ./Driver/src/Driver_TIM1.o
 .debug_aranges
                0x0000000000000598       0x28 ./Driver/src/Driver_TIM6.o
 .debug_aranges
                0x00000000000005c0       0x50 ./Driver/src/Driver_USART.o
 .debug_aranges
                0x0000000000000610       0x50 ./Debug/debug.o

.debug_ranges   0x0000000000000000      0x670
 .debug_ranges  0x0000000000000000       0x18 ./User/ch32v30x_it.o
 .debug_ranges  0x0000000000000018       0x10 ./User/main.o
 .debug_ranges  0x0000000000000028       0x38 ./User/system_ch32v30x.o
 .debug_ranges  0x0000000000000060       0x28 ./Startup/startup_ch32v30x_D8C.o
 .debug_ranges  0x0000000000000088       0xa0 ./Peripheral/src/ch32v30x_gpio.o
 .debug_ranges  0x0000000000000128       0x48 ./Peripheral/src/ch32v30x_misc.o
 .debug_ranges  0x0000000000000170      0x198 ./Peripheral/src/ch32v30x_rcc.o
 .debug_ranges  0x0000000000000308       0xe0 ./Peripheral/src/ch32v30x_usart.o
 .debug_ranges  0x00000000000003e8       0x88 ./Fuation/src/atk_ms6050.o
 .debug_ranges  0x0000000000000470       0xa0 ./Driver/src/Driver_I2C2.o
 .debug_ranges  0x0000000000000510       0x18 ./Driver/src/Driver_Key.o
 .debug_ranges  0x0000000000000528       0x68 ./Driver/src/Driver_LED.o
 .debug_ranges  0x0000000000000590       0x28 ./Driver/src/Driver_TIM1.o
 .debug_ranges  0x00000000000005b8       0x18 ./Driver/src/Driver_TIM6.o
 .debug_ranges  0x00000000000005d0       0x60 ./Driver/src/Driver_USART.o
 .debug_ranges  0x0000000000000630       0x40 ./Debug/debug.o

.debug_line     0x0000000000000000     0x86bf
 .debug_line    0x0000000000000000      0x2e1 ./User/ch32v30x_it.o
 .debug_line    0x00000000000002e1      0x51d ./User/main.o
 .debug_line    0x00000000000007fe      0x910 ./User/system_ch32v30x.o
 .debug_line    0x000000000000110e      0x122 ./Startup/startup_ch32v30x_D8C.o
 .debug_line    0x0000000000001230     0x1279 ./Peripheral/src/ch32v30x_gpio.o
 .debug_line    0x00000000000024a9      0x3f0 ./Peripheral/src/ch32v30x_misc.o
 .debug_line    0x0000000000002899     0x19ab ./Peripheral/src/ch32v30x_rcc.o
 .debug_line    0x0000000000004244      0xf18 ./Peripheral/src/ch32v30x_usart.o
 .debug_line    0x000000000000515c      0xb02 ./Fuation/src/atk_ms6050.o
 .debug_line    0x0000000000005c5e      0x895 ./Driver/src/Driver_I2C2.o
 .debug_line    0x00000000000064f3      0x49f ./Driver/src/Driver_Key.o
 .debug_line    0x0000000000006992      0x45e ./Driver/src/Driver_LED.o
 .debug_line    0x0000000000006df0      0x579 ./Driver/src/Driver_TIM1.o
 .debug_line    0x0000000000007369      0x3ec ./Driver/src/Driver_TIM6.o
 .debug_line    0x0000000000007755      0x809 ./Driver/src/Driver_USART.o
 .debug_line    0x0000000000007f5e      0x761 ./Debug/debug.o

.debug_str      0x0000000000000000     0x220b
 .debug_str     0x0000000000000000      0x5fb ./User/ch32v30x_it.o
                                        0x676 (size before relaxing)
 .debug_str     0x00000000000005fb      0x12e ./User/main.o
                                        0x6c5 (size before relaxing)
 .debug_str     0x0000000000000729      0x109 ./User/system_ch32v30x.o
                                        0x6db (size before relaxing)
 .debug_str     0x0000000000000832       0x2e ./Startup/startup_ch32v30x_D8C.o
                                         0x4b (size before relaxing)
 .debug_str     0x0000000000000860      0x3fe ./Peripheral/src/ch32v30x_gpio.o
                                        0x9a1 (size before relaxing)
 .debug_str     0x0000000000000c5e      0x63c ./Peripheral/src/ch32v30x_misc.o
                                        0xcaa (size before relaxing)
 .debug_str     0x000000000000129a      0x5c2 ./Peripheral/src/ch32v30x_rcc.o
                                        0xcd0 (size before relaxing)
 .debug_str     0x000000000000185c      0x3f5 ./Peripheral/src/ch32v30x_usart.o
                                        0xaeb (size before relaxing)
 .debug_str     0x0000000000001c51      0x164 ./Fuation/src/atk_ms6050.o
                                        0x816 (size before relaxing)
 .debug_str     0x0000000000001db5       0x5a ./Driver/src/Driver_I2C2.o
                                        0x708 (size before relaxing)
 .debug_str     0x0000000000001e0f       0x84 ./Driver/src/Driver_Key.o
                                        0xcaa (size before relaxing)
 .debug_str     0x0000000000001e93       0x74 ./Driver/src/Driver_LED.o
                                        0x6bd (size before relaxing)
 .debug_str     0x0000000000001f07      0x172 ./Driver/src/Driver_TIM1.o
                                        0xe3e (size before relaxing)
 .debug_str     0x0000000000002079       0x47 ./Driver/src/Driver_TIM6.o
                                        0xd72 (size before relaxing)
 .debug_str     0x00000000000020c0       0xc3 ./Driver/src/Driver_USART.o
                                        0xd4e (size before relaxing)
 .debug_str     0x0000000000002183       0x88 ./Debug/debug.o
                                        0x912 (size before relaxing)

.comment        0x0000000000000000       0x33
 .comment       0x0000000000000000       0x33 ./User/ch32v30x_it.o
                                         0x34 (size before relaxing)
 .comment       0x0000000000000033       0x34 ./User/main.o
 .comment       0x0000000000000033       0x34 ./User/system_ch32v30x.o
 .comment       0x0000000000000033       0x34 ./Peripheral/src/ch32v30x_gpio.o
 .comment       0x0000000000000033       0x34 ./Peripheral/src/ch32v30x_misc.o
 .comment       0x0000000000000033       0x34 ./Peripheral/src/ch32v30x_rcc.o
 .comment       0x0000000000000033       0x34 ./Peripheral/src/ch32v30x_usart.o
 .comment       0x0000000000000033       0x34 ./Fuation/src/atk_ms6050.o
 .comment       0x0000000000000033       0x34 ./Driver/src/Driver_I2C2.o
 .comment       0x0000000000000033       0x34 ./Driver/src/Driver_Key.o
 .comment       0x0000000000000033       0x34 ./Driver/src/Driver_LED.o
 .comment       0x0000000000000033       0x34 ./Driver/src/Driver_TIM1.o
 .comment       0x0000000000000033       0x34 ./Driver/src/Driver_TIM6.o
 .comment       0x0000000000000033       0x34 ./Driver/src/Driver_USART.o
 .comment       0x0000000000000033       0x34 ./Debug/debug.o

.debug_frame    0x0000000000000000     0x179c
 .debug_frame   0x0000000000000000       0x30 ./User/ch32v30x_it.o
 .debug_frame   0x0000000000000030       0x30 ./User/main.o
 .debug_frame   0x0000000000000060       0x3c ./User/system_ch32v30x.o
 .debug_frame   0x000000000000009c      0x174 ./Peripheral/src/ch32v30x_gpio.o
 .debug_frame   0x0000000000000210       0x30 ./Peripheral/src/ch32v30x_misc.o
 .debug_frame   0x0000000000000240      0x344 ./Peripheral/src/ch32v30x_rcc.o
 .debug_frame   0x0000000000000584      0x1e4 ./Peripheral/src/ch32v30x_usart.o
 .debug_frame   0x0000000000000768      0x1d4 ./Fuation/src/atk_ms6050.o
 .debug_frame   0x000000000000093c      0x12c ./Driver/src/Driver_I2C2.o
 .debug_frame   0x0000000000000a68       0x4c ./Driver/src/Driver_Key.o
 .debug_frame   0x0000000000000ab4       0xb0 ./Driver/src/Driver_LED.o
 .debug_frame   0x0000000000000b64       0x6c ./Driver/src/Driver_TIM1.o
 .debug_frame   0x0000000000000bd0       0x44 ./Driver/src/Driver_TIM6.o
 .debug_frame   0x0000000000000c14       0xb8 ./Driver/src/Driver_USART.o
 .debug_frame   0x0000000000000ccc       0xb8 ./Debug/debug.o
 .debug_frame   0x0000000000000d84       0x40 f:/mu/mounriver_studio2/resources/app/resources/win32/components/wch/toolchain/risc-v embedded gcc/bin/../lib/gcc/riscv-none-embed/8.2.0/rv32imacxw/ilp32\libgcc.a(addsf3.o)
 .debug_frame   0x0000000000000dc4       0x50 f:/mu/mounriver_studio2/resources/app/resources/win32/components/wch/toolchain/risc-v embedded gcc/bin/../lib/gcc/riscv-none-embed/8.2.0/rv32imacxw/ilp32\libgcc.a(divsf3.o)
 .debug_frame   0x0000000000000e14       0x50 f:/mu/mounriver_studio2/resources/app/resources/win32/components/wch/toolchain/risc-v embedded gcc/bin/../lib/gcc/riscv-none-embed/8.2.0/rv32imacxw/ilp32\libgcc.a(mulsf3.o)
 .debug_frame   0x0000000000000e64       0x20 f:/mu/mounriver_studio2/resources/app/resources/win32/components/wch/toolchain/risc-v embedded gcc/bin/../lib/gcc/riscv-none-embed/8.2.0/rv32imacxw/ilp32\libgcc.a(fixsfsi.o)
 .debug_frame   0x0000000000000e84       0x38 f:/mu/mounriver_studio2/resources/app/resources/win32/components/wch/toolchain/risc-v embedded gcc/bin/../lib/gcc/riscv-none-embed/8.2.0/rv32imacxw/ilp32\libgcc.a(floatsisf.o)
 .debug_frame   0x0000000000000ebc       0x20 f:/mu/mounriver_studio2/resources/app/resources/win32/components/wch/toolchain/risc-v embedded gcc/bin/../lib/gcc/riscv-none-embed/8.2.0/rv32imacxw/ilp32\libgcc.a(_clzsi2.o)
 .debug_frame   0x0000000000000edc       0x54 f:/mu/mounriver_studio2/resources/app/resources/win32/components/wch/toolchain/risc-v embedded gcc/bin/../lib/gcc/riscv-none-embed/8.2.0/../../../../riscv-none-embed/lib/rv32imacxw/ilp32\libg_nano.a(lib_a-printf.o)
 .debug_frame   0x0000000000000f30      0x148 f:/mu/mounriver_studio2/resources/app/resources/win32/components/wch/toolchain/risc-v embedded gcc/bin/../lib/gcc/riscv-none-embed/8.2.0/../../../../riscv-none-embed/lib/rv32imacxw/ilp32\libg_nano.a(lib_a-findfp.o)
 .debug_frame   0x0000000000001078       0x88 f:/mu/mounriver_studio2/resources/app/resources/win32/components/wch/toolchain/risc-v embedded gcc/bin/../lib/gcc/riscv-none-embed/8.2.0/../../../../riscv-none-embed/lib/rv32imacxw/ilp32\libg_nano.a(lib_a-fwalk.o)
 .debug_frame   0x0000000000001100       0x40 f:/mu/mounriver_studio2/resources/app/resources/win32/components/wch/toolchain/risc-v embedded gcc/bin/../lib/gcc/riscv-none-embed/8.2.0/../../../../riscv-none-embed/lib/rv32imacxw/ilp32\libg_nano.a(lib_a-nano-mallocr.o)
 .debug_frame   0x0000000000001140       0xd0 f:/mu/mounriver_studio2/resources/app/resources/win32/components/wch/toolchain/risc-v embedded gcc/bin/../lib/gcc/riscv-none-embed/8.2.0/../../../../riscv-none-embed/lib/rv32imacxw/ilp32\libg_nano.a(lib_a-nano-vfprintf.o)
 .debug_frame   0x0000000000001210       0x8c f:/mu/mounriver_studio2/resources/app/resources/win32/components/wch/toolchain/risc-v embedded gcc/bin/../lib/gcc/riscv-none-embed/8.2.0/../../../../riscv-none-embed/lib/rv32imacxw/ilp32\libg_nano.a(lib_a-nano-vfprintf_i.o)
 .debug_frame   0x000000000000129c       0x30 f:/mu/mounriver_studio2/resources/app/resources/win32/components/wch/toolchain/risc-v embedded gcc/bin/../lib/gcc/riscv-none-embed/8.2.0/../../../../riscv-none-embed/lib/rv32imacxw/ilp32\libg_nano.a(lib_a-sbrkr.o)
 .debug_frame   0x00000000000012cc       0xa4 f:/mu/mounriver_studio2/resources/app/resources/win32/components/wch/toolchain/risc-v embedded gcc/bin/../lib/gcc/riscv-none-embed/8.2.0/../../../../riscv-none-embed/lib/rv32imacxw/ilp32\libg_nano.a(lib_a-stdio.o)
 .debug_frame   0x0000000000001370       0x50 f:/mu/mounriver_studio2/resources/app/resources/win32/components/wch/toolchain/risc-v embedded gcc/bin/../lib/gcc/riscv-none-embed/8.2.0/../../../../riscv-none-embed/lib/rv32imacxw/ilp32\libg_nano.a(lib_a-wbuf.o)
 .debug_frame   0x00000000000013c0       0x30 f:/mu/mounriver_studio2/resources/app/resources/win32/components/wch/toolchain/risc-v embedded gcc/bin/../lib/gcc/riscv-none-embed/8.2.0/../../../../riscv-none-embed/lib/rv32imacxw/ilp32\libg_nano.a(lib_a-writer.o)
 .debug_frame   0x00000000000013f0       0x3c f:/mu/mounriver_studio2/resources/app/resources/win32/components/wch/toolchain/risc-v embedded gcc/bin/../lib/gcc/riscv-none-embed/8.2.0/../../../../riscv-none-embed/lib/rv32imacxw/ilp32\libg_nano.a(lib_a-wsetup.o)
 .debug_frame   0x000000000000142c       0x30 f:/mu/mounriver_studio2/resources/app/resources/win32/components/wch/toolchain/risc-v embedded gcc/bin/../lib/gcc/riscv-none-embed/8.2.0/../../../../riscv-none-embed/lib/rv32imacxw/ilp32\libg_nano.a(lib_a-closer.o)
 .debug_frame   0x000000000000145c       0x7c f:/mu/mounriver_studio2/resources/app/resources/win32/components/wch/toolchain/risc-v embedded gcc/bin/../lib/gcc/riscv-none-embed/8.2.0/../../../../riscv-none-embed/lib/rv32imacxw/ilp32\libg_nano.a(lib_a-fflush.o)
 .debug_frame   0x00000000000014d8       0x30 f:/mu/mounriver_studio2/resources/app/resources/win32/components/wch/toolchain/risc-v embedded gcc/bin/../lib/gcc/riscv-none-embed/8.2.0/../../../../riscv-none-embed/lib/rv32imacxw/ilp32\libg_nano.a(lib_a-lseekr.o)
 .debug_frame   0x0000000000001508       0x64 f:/mu/mounriver_studio2/resources/app/resources/win32/components/wch/toolchain/risc-v embedded gcc/bin/../lib/gcc/riscv-none-embed/8.2.0/../../../../riscv-none-embed/lib/rv32imacxw/ilp32\libg_nano.a(lib_a-makebuf.o)
 .debug_frame   0x000000000000156c       0x20 f:/mu/mounriver_studio2/resources/app/resources/win32/components/wch/toolchain/risc-v embedded gcc/bin/../lib/gcc/riscv-none-embed/8.2.0/../../../../riscv-none-embed/lib/rv32imacxw/ilp32\libg_nano.a(lib_a-memchr.o)
 .debug_frame   0x000000000000158c       0x30 f:/mu/mounriver_studio2/resources/app/resources/win32/components/wch/toolchain/risc-v embedded gcc/bin/../lib/gcc/riscv-none-embed/8.2.0/../../../../riscv-none-embed/lib/rv32imacxw/ilp32\libg_nano.a(lib_a-mlock.o)
 .debug_frame   0x00000000000015bc       0x40 f:/mu/mounriver_studio2/resources/app/resources/win32/components/wch/toolchain/risc-v embedded gcc/bin/../lib/gcc/riscv-none-embed/8.2.0/../../../../riscv-none-embed/lib/rv32imacxw/ilp32\libg_nano.a(lib_a-nano-freer.o)
 .debug_frame   0x00000000000015fc       0x30 f:/mu/mounriver_studio2/resources/app/resources/win32/components/wch/toolchain/risc-v embedded gcc/bin/../lib/gcc/riscv-none-embed/8.2.0/../../../../riscv-none-embed/lib/rv32imacxw/ilp32\libg_nano.a(lib_a-readr.o)
 .debug_frame   0x000000000000162c       0x70 f:/mu/mounriver_studio2/resources/app/resources/win32/components/wch/toolchain/risc-v embedded gcc/bin/../lib/gcc/riscv-none-embed/8.2.0/../../../../riscv-none-embed/lib/rv32imacxw/ilp32\libg_nano.a(lib_a-reent.o)
 .debug_frame   0x000000000000169c       0x30 f:/mu/mounriver_studio2/resources/app/resources/win32/components/wch/toolchain/risc-v embedded gcc/bin/../lib/gcc/riscv-none-embed/8.2.0/../../../../riscv-none-embed/lib/rv32imacxw/ilp32\libg_nano.a(lib_a-fstatr.o)
 .debug_frame   0x00000000000016cc       0x30 f:/mu/mounriver_studio2/resources/app/resources/win32/components/wch/toolchain/risc-v embedded gcc/bin/../lib/gcc/riscv-none-embed/8.2.0/../../../../riscv-none-embed/lib/rv32imacxw/ilp32\libg_nano.a(lib_a-isattyr.o)
 .debug_frame   0x00000000000016fc       0x20 f:/mu/mounriver_studio2/resources/app/resources/win32/components/wch/toolchain/risc-v embedded gcc/bin/../lib/gcc/riscv-none-embed/8.2.0/../../../../riscv-none-embed/lib/rv32imacxw/ilp32\libnosys.a(close.o)
 .debug_frame   0x000000000000171c       0x20 f:/mu/mounriver_studio2/resources/app/resources/win32/components/wch/toolchain/risc-v embedded gcc/bin/../lib/gcc/riscv-none-embed/8.2.0/../../../../riscv-none-embed/lib/rv32imacxw/ilp32\libnosys.a(fstat.o)
 .debug_frame   0x000000000000173c       0x20 f:/mu/mounriver_studio2/resources/app/resources/win32/components/wch/toolchain/risc-v embedded gcc/bin/../lib/gcc/riscv-none-embed/8.2.0/../../../../riscv-none-embed/lib/rv32imacxw/ilp32\libnosys.a(isatty.o)
 .debug_frame   0x000000000000175c       0x20 f:/mu/mounriver_studio2/resources/app/resources/win32/components/wch/toolchain/risc-v embedded gcc/bin/../lib/gcc/riscv-none-embed/8.2.0/../../../../riscv-none-embed/lib/rv32imacxw/ilp32\libnosys.a(lseek.o)
 .debug_frame   0x000000000000177c       0x20 f:/mu/mounriver_studio2/resources/app/resources/win32/components/wch/toolchain/risc-v embedded gcc/bin/../lib/gcc/riscv-none-embed/8.2.0/../../../../riscv-none-embed/lib/rv32imacxw/ilp32\libnosys.a(read.o)

.debug_loc      0x0000000000000000     0x2508
 .debug_loc     0x0000000000000000       0xb0 ./User/main.o
 .debug_loc     0x00000000000000b0      0x163 ./User/system_ch32v30x.o
 .debug_loc     0x0000000000000213      0x72b ./Peripheral/src/ch32v30x_gpio.o
 .debug_loc     0x000000000000093e       0x47 ./Peripheral/src/ch32v30x_misc.o
 .debug_loc     0x0000000000000985      0xadb ./Peripheral/src/ch32v30x_rcc.o
 .debug_loc     0x0000000000001460      0x779 ./Peripheral/src/ch32v30x_usart.o
 .debug_loc     0x0000000000001bd9      0x449 ./Fuation/src/atk_ms6050.o
 .debug_loc     0x0000000000002022      0x13c ./Driver/src/Driver_I2C2.o
 .debug_loc     0x000000000000215e      0x136 ./Driver/src/Driver_LED.o
 .debug_loc     0x0000000000002294       0x15 ./Driver/src/Driver_TIM1.o
 .debug_loc     0x00000000000022a9       0xe8 ./Driver/src/Driver_USART.o
 .debug_loc     0x0000000000002391      0x177 ./Debug/debug.o

.stab           0x0000000000000000       0x84
 .stab          0x0000000000000000       0x24 f:/mu/mounriver_studio2/resources/app/resources/win32/components/wch/toolchain/risc-v embedded gcc/bin/../lib/gcc/riscv-none-embed/8.2.0/../../../../riscv-none-embed/lib/rv32imacxw/ilp32\libnosys.a(close.o)
 .stab          0x0000000000000024       0x18 f:/mu/mounriver_studio2/resources/app/resources/win32/components/wch/toolchain/risc-v embedded gcc/bin/../lib/gcc/riscv-none-embed/8.2.0/../../../../riscv-none-embed/lib/rv32imacxw/ilp32\libnosys.a(fstat.o)
                                         0x24 (size before relaxing)
 .stab          0x000000000000003c       0x18 f:/mu/mounriver_studio2/resources/app/resources/win32/components/wch/toolchain/risc-v embedded gcc/bin/../lib/gcc/riscv-none-embed/8.2.0/../../../../riscv-none-embed/lib/rv32imacxw/ilp32\libnosys.a(isatty.o)
                                         0x24 (size before relaxing)
 .stab          0x0000000000000054       0x18 f:/mu/mounriver_studio2/resources/app/resources/win32/components/wch/toolchain/risc-v embedded gcc/bin/../lib/gcc/riscv-none-embed/8.2.0/../../../../riscv-none-embed/lib/rv32imacxw/ilp32\libnosys.a(lseek.o)
                                         0x24 (size before relaxing)
 .stab          0x000000000000006c       0x18 f:/mu/mounriver_studio2/resources/app/resources/win32/components/wch/toolchain/risc-v embedded gcc/bin/../lib/gcc/riscv-none-embed/8.2.0/../../../../riscv-none-embed/lib/rv32imacxw/ilp32\libnosys.a(read.o)
                                         0x24 (size before relaxing)

.stabstr        0x0000000000000000      0x117
 .stabstr       0x0000000000000000      0x117 f:/mu/mounriver_studio2/resources/app/resources/win32/components/wch/toolchain/risc-v embedded gcc/bin/../lib/gcc/riscv-none-embed/8.2.0/../../../../riscv-none-embed/lib/rv32imacxw/ilp32\libnosys.a(close.o)
