Archive member included to satisfy reference by file (symbol)

f:/mu/mounriver_studio2/resources/app/resources/win32/components/wch/toolchain/risc-v embedded gcc/bin/../lib/gcc/riscv-none-embed/8.2.0/../../../../riscv-none-embed/lib/rv32imacxw/ilp32\libm.a(lib_a-w_asin.o)
                              ./Fuation/src/inv_mpu.o (asin)
f:/mu/mounriver_studio2/resources/app/resources/win32/components/wch/toolchain/risc-v embedded gcc/bin/../lib/gcc/riscv-none-embed/8.2.0/../../../../riscv-none-embed/lib/rv32imacxw/ilp32\libm.a(lib_a-w_atan2.o)
                              ./Fuation/src/inv_mpu.o (atan2)
f:/mu/mounriver_studio2/resources/app/resources/win32/components/wch/toolchain/risc-v embedded gcc/bin/../lib/gcc/riscv-none-embed/8.2.0/../../../../riscv-none-embed/lib/rv32imacxw/ilp32\libm.a(lib_a-e_asin.o)
                              f:/mu/mounriver_studio2/resources/app/resources/win32/components/wch/toolchain/risc-v embedded gcc/bin/../lib/gcc/riscv-none-embed/8.2.0/../../../../riscv-none-embed/lib/rv32imacxw/ilp32\libm.a(lib_a-w_asin.o) (__ieee754_asin)
f:/mu/mounriver_studio2/resources/app/resources/win32/components/wch/toolchain/risc-v embedded gcc/bin/../lib/gcc/riscv-none-embed/8.2.0/../../../../riscv-none-embed/lib/rv32imacxw/ilp32\libm.a(lib_a-e_atan2.o)
                              f:/mu/mounriver_studio2/resources/app/resources/win32/components/wch/toolchain/risc-v embedded gcc/bin/../lib/gcc/riscv-none-embed/8.2.0/../../../../riscv-none-embed/lib/rv32imacxw/ilp32\libm.a(lib_a-w_atan2.o) (__ieee754_atan2)
f:/mu/mounriver_studio2/resources/app/resources/win32/components/wch/toolchain/risc-v embedded gcc/bin/../lib/gcc/riscv-none-embed/8.2.0/../../../../riscv-none-embed/lib/rv32imacxw/ilp32\libm.a(lib_a-e_sqrt.o)
                              f:/mu/mounriver_studio2/resources/app/resources/win32/components/wch/toolchain/risc-v embedded gcc/bin/../lib/gcc/riscv-none-embed/8.2.0/../../../../riscv-none-embed/lib/rv32imacxw/ilp32\libm.a(lib_a-e_asin.o) (__ieee754_sqrt)
f:/mu/mounriver_studio2/resources/app/resources/win32/components/wch/toolchain/risc-v embedded gcc/bin/../lib/gcc/riscv-none-embed/8.2.0/../../../../riscv-none-embed/lib/rv32imacxw/ilp32\libm.a(lib_a-s_atan.o)
                              f:/mu/mounriver_studio2/resources/app/resources/win32/components/wch/toolchain/risc-v embedded gcc/bin/../lib/gcc/riscv-none-embed/8.2.0/../../../../riscv-none-embed/lib/rv32imacxw/ilp32\libm.a(lib_a-e_atan2.o) (atan)
f:/mu/mounriver_studio2/resources/app/resources/win32/components/wch/toolchain/risc-v embedded gcc/bin/../lib/gcc/riscv-none-embed/8.2.0/../../../../riscv-none-embed/lib/rv32imacxw/ilp32\libm.a(lib_a-s_fabs.o)
                              f:/mu/mounriver_studio2/resources/app/resources/win32/components/wch/toolchain/risc-v embedded gcc/bin/../lib/gcc/riscv-none-embed/8.2.0/../../../../riscv-none-embed/lib/rv32imacxw/ilp32\libm.a(lib_a-w_asin.o) (fabs)
f:/mu/mounriver_studio2/resources/app/resources/win32/components/wch/toolchain/risc-v embedded gcc/bin/../lib/gcc/riscv-none-embed/8.2.0/../../../../riscv-none-embed/lib/rv32imacxw/ilp32\libm.a(lib_a-s_lib_ver.o)
                              f:/mu/mounriver_studio2/resources/app/resources/win32/components/wch/toolchain/risc-v embedded gcc/bin/../lib/gcc/riscv-none-embed/8.2.0/../../../../riscv-none-embed/lib/rv32imacxw/ilp32\libm.a(lib_a-w_asin.o) (__fdlib_version)
f:/mu/mounriver_studio2/resources/app/resources/win32/components/wch/toolchain/risc-v embedded gcc/bin/../lib/gcc/riscv-none-embed/8.2.0/../../../../riscv-none-embed/lib/rv32imacxw/ilp32\libm.a(lib_a-s_matherr.o)
                              f:/mu/mounriver_studio2/resources/app/resources/win32/components/wch/toolchain/risc-v embedded gcc/bin/../lib/gcc/riscv-none-embed/8.2.0/../../../../riscv-none-embed/lib/rv32imacxw/ilp32\libm.a(lib_a-w_asin.o) (matherr)
f:/mu/mounriver_studio2/resources/app/resources/win32/components/wch/toolchain/risc-v embedded gcc/bin/../lib/gcc/riscv-none-embed/8.2.0/../../../../riscv-none-embed/lib/rv32imacxw/ilp32\libm.a(lib_a-s_nan.o)
                              f:/mu/mounriver_studio2/resources/app/resources/win32/components/wch/toolchain/risc-v embedded gcc/bin/../lib/gcc/riscv-none-embed/8.2.0/../../../../riscv-none-embed/lib/rv32imacxw/ilp32\libm.a(lib_a-w_asin.o) (nan)
f:/mu/mounriver_studio2/resources/app/resources/win32/components/wch/toolchain/risc-v embedded gcc/bin/../lib/gcc/riscv-none-embed/8.2.0/rv32imacxw/ilp32\libgcc.a(_divdi3.o)
                              ./Fuation/src/inv_mpu.o (__divdi3)
f:/mu/mounriver_studio2/resources/app/resources/win32/components/wch/toolchain/risc-v embedded gcc/bin/../lib/gcc/riscv-none-embed/8.2.0/rv32imacxw/ilp32\libgcc.a(adddf3.o)
                              f:/mu/mounriver_studio2/resources/app/resources/win32/components/wch/toolchain/risc-v embedded gcc/bin/../lib/gcc/riscv-none-embed/8.2.0/../../../../riscv-none-embed/lib/rv32imacxw/ilp32\libm.a(lib_a-e_asin.o) (__adddf3)
[...]
Memory Configuration

Name             Origin             Length             Attributes
FLASH            0x0000000000000000 0x0000000000048000 xr
RAM              0x0000000020000000 0x0000000000008000 xrw
*default*        0x0000000000000000 0xffffffffffffffff

Linker script and memory map

LOAD ./User/ch32v30x_it.o
LOAD ./User/main.o
LOAD ./User/system_ch32v30x.o
LOAD ./Startup/startup_ch32v30x_D8C.o
LOAD ./Peripheral/src/ch32v30x_adc.o
LOAD ./Peripheral/src/ch32v30x_bkp.o
LOAD ./Peripheral/src/ch32v30x_can.o
LOAD ./Peripheral/src/ch32v30x_crc.o
LOAD ./Peripheral/src/ch32v30x_dac.o
LOAD ./Peripheral/src/ch32v30x_dbgmcu.o
LOAD ./Peripheral/src/ch32v30x_dma.o
LOAD ./Peripheral/src/ch32v30x_dvp.o
LOAD ./Peripheral/src/ch32v30x_eth.o
LOAD ./Peripheral/src/ch32v30x_exti.o
LOAD ./Peripheral/src/ch32v30x_flash.o
LOAD ./Peripheral/src/ch32v30x_fsmc.o
LOAD ./Peripheral/src/ch32v30x_gpio.o
LOAD ./Peripheral/src/ch32v30x_i2c.o
LOAD ./Peripheral/src/ch32v30x_iwdg.o
LOAD ./Peripheral/src/ch32v30x_misc.o
LOAD ./Peripheral/src/ch32v30x_opa.o
LOAD ./Peripheral/src/ch32v30x_pwr.o
LOAD ./Peripheral/src/ch32v30x_rcc.o
LOAD ./Peripheral/src/ch32v30x_rng.o
LOAD ./Peripheral/src/ch32v30x_rtc.o
LOAD ./Peripheral/src/ch32v30x_sdio.o
LOAD ./Peripheral/src/ch32v30x_spi.o
LOAD ./Peripheral/src/ch32v30x_tim.o
LOAD ./Peripheral/src/ch32v30x_usart.o
LOAD ./Peripheral/src/ch32v30x_wwdg.o
LOAD ./Fuation/src/HJ_XJ7.o
LOAD ./Fuation/src/atk_ms6050.o
LOAD ./Fuation/src/control.o
LOAD ./Fuation/src/inv_mpu.o
LOAD ./Fuation/src/inv_mpu_dmp_motion_driver.o
LOAD ./Driver/src/Driver_ADC.o
LOAD ./Driver/src/Driver_Encoder.o
LOAD ./Driver/src/Driver_GPIO.o
LOAD ./Driver/src/Driver_I2C2.o
LOAD ./Driver/src/Driver_TIM1.o
LOAD ./Driver/src/Driver_USART.o
LOAD ./Debug/PID.o
LOAD ./Debug/debug.o
LOAD ./Core/core_riscv.o
LOAD f:/mu/mounriver_studio2/resources/app/resources/win32/components/wch/toolchain/risc-v embedded gcc/bin/../lib/gcc/riscv-none-embed/8.2.0/../../../../riscv-none-embed/lib/rv32imacxw/ilp32\libm.a
LOAD f:/mu/mounriver_studio2/resources/app/resources/win32/components/wch/toolchain/risc-v embedded gcc/bin/../lib/gcc/riscv-none-embed/8.2.0/rv32imacxw/ilp32\libgcc.a
LOAD f:/mu/mounriver_studio2/resources/app/resources/win32/components/wch/toolchain/risc-v embedded gcc/bin/../lib/gcc/riscv-none-embed/8.2.0/../../../../riscv-none-embed/lib/rv32imacxw/ilp32\libg_nano.a
LOAD f:/mu/mounriver_studio2/resources/app/resources/win32/components/wch/toolchain/risc-v embedded gcc/bin/../lib/gcc/riscv-none-embed/8.2.0/../../../../riscv-none-embed/lib/rv32imacxw/ilp32\libc_nano.a
LOAD f:/mu/mounriver_studio2/resources/app/resources/win32/components/wch/toolchain/risc-v embedded gcc/bin/../lib/gcc/riscv-none-embed/8.2.0/rv32imacxw/ilp32\libgcc.a
START GROUP
LOAD f:/mu/mounriver_studio2/resources/app/resources/win32/components/wch/toolchain/risc-v embedded gcc/bin/../lib/gcc/riscv-none-embed/8.2.0/rv32imacxw/ilp32\libgcc.a
LOAD f:/mu/mounriver_studio2/resources/app/resources/win32/components/wch/toolchain/risc-v embedded gcc/bin/../lib/gcc/riscv-none-embed/8.2.0/../../../../riscv-none-embed/lib/rv32imacxw/ilp32\libc_nano.a
LOAD f:/mu/mounriver_studio2/resources/app/resources/win32/components/wch/toolchain/risc-v embedded gcc/bin/../lib/gcc/riscv-none-embed/8.2.0/../../../../riscv-none-embed/lib/rv32imacxw/ilp32\libnosys.a
END GROUP
START GROUP
LOAD f:/mu/mounriver_studio2/resources/app/resources/win32/components/wch/toolchain/risc-v embedded gcc/bin/../lib/gcc/riscv-none-embed/8.2.0/rv32imacxw/ilp32\libgcc.a
LOAD f:/mu/mounriver_studio2/resources/app/resources/win32/components/wch/toolchain/risc-v embedded gcc/bin/../lib/gcc/riscv-none-embed/8.2.0/../../../../riscv-none-embed/lib/rv32imacxw/ilp32\libc_nano.a
LOAD f:/mu/mounriver_studio2/resources/app/resources/win32/components/wch/toolchain/risc-v embedded gcc/bin/../lib/gcc/riscv-none-embed/8.2.0/../../../../riscv-none-embed/lib/rv32imacxw/ilp32\libnosys.a
END GROUP
                0x0000000000000800                __stack_size = 0x800
                [!provide]                        PROVIDE (_stack_size = __stack_size)

.init           0x0000000000000000        0x4
                0x0000000000000000                _sinit = .
                0x0000000000000000                . = ALIGN (0x4)
 *(SORT_NONE(.init))
 .init          0x0000000000000000        0x4 ./Startup/startup_ch32v30x_D8C.o
                0x0000000000000000                _start
                0x0000000000000004                . = ALIGN (0x4)
                0x0000000000000004                _einit = .

.vector         0x0000000000000004      0x1bc
 *(.vector)
 .vector        0x0000000000000004      0x1a0 ./Startup/startup_ch32v30x_D8C.o
                0x00000000000001c0                . = ALIGN (0x40)
 *fill*         0x00000000000001a4       0x1c 

.text           0x00000000000001c0     0x2ea4
                0x00000000000001c0                . = ALIGN (0x4)
 *(.text)
 .text          0x00000000000001c0       0x60 f:/mu/mounriver_studio2/resources/app/resources/win32/components/wch/toolchain/risc-v embedded gcc/bin/../lib/gcc/riscv-none-embed/8.2.0/rv32imacxw/ilp32\libgcc.a(save-restore.o)
                0x00000000000001c0                __riscv_save_12
                0x00000000000001c8                __riscv_save_9
                0x00000000000001c8                __riscv_save_11
                0x00000000000001c8                __riscv_save_10
                0x00000000000001c8                __riscv_save_8
                0x00000000000001d6                __riscv_save_4
                0x00000000000001d6                __riscv_save_6
                0x00000000000001d6                __riscv_save_5
                0x00000000000001d6                __riscv_save_7
                0x00000000000001f0                __riscv_save_3
                0x00000000000001f0                __riscv_save_2
                0x00000000000001f0                __riscv_save_1
                0x00000000000001f0                __riscv_save_0
                0x00000000000001fc                __riscv_restore_12
                0x0000000000000200                __riscv_restore_11
                0x0000000000000200                __riscv_restore_9
                0x0000000000000200                __riscv_restore_10
                0x0000000000000200                __riscv_restore_8
                0x000000000000020a                __riscv_restore_5
                0x000000000000020a                __riscv_restore_7
                0x000000000000020a                __riscv_restore_6
                0x000000000000020a                __riscv_restore_4
                0x0000000000000214                __riscv_restore_3
                0x0000000000000214                __riscv_restore_0
                0x0000000000000214                __riscv_restore_2
                0x0000000000000214                __riscv_restore_1
 .text          0x0000000000000220       0xa8 f:/mu/mounriver_studio2/resources/app/resources/win32/components/wch/toolchain/risc-v embedded gcc/bin/../lib/gcc/riscv-none-embed/8.2.0/../../../../riscv-none-embed/lib/rv32imacxw/ilp32\libg_nano.a(lib_a-memset.o)
                0x0000000000000220                memset
 *(.text.*)
 .text.NMI_Handler
                0x00000000000002c8        0x2 ./User/ch32v30x_it.o
                0x00000000000002c8                NMI_Handler
 .text.HardFault_Handler
                0x00000000000002ca       0x10 ./User/ch32v30x_it.o
                0x00000000000002ca                HardFault_Handler
 .text.startup.main
                0x00000000000002da       0xb6 ./User/main.o
                0x00000000000002da                main
 .text.SystemInit
                0x0000000000000390       0xfa ./User/system_ch32v30x.o
                0x0000000000000390                SystemInit
 .text.SystemCoreClockUpdate
                0x000000000000048a      0x12e ./User/system_ch32v30x.o
                0x000000000000048a                SystemCoreClockUpdate
 .text.vector_handler
                0x00000000000005b8        0x2 ./Startup/startup_ch32v30x_D8C.o
                0x00000000000005b8                EXTI2_IRQHandler
                0x00000000000005b8                TIM8_TRG_COM_IRQHandler
                0x00000000000005b8                TIM8_CC_IRQHandler
                0x00000000000005b8                UART8_IRQHandler
                0x00000000000005b8                TIM1_CC_IRQHandler
                0x00000000000005b8                TIM6_IRQHandler
                0x00000000000005b8                PVD_IRQHandler
                0x00000000000005b8                SDIO_IRQHandler
                0x00000000000005b8                TIM9_BRK_IRQHandler
                0x00000000000005b8                DMA2_Channel8_IRQHandler
                0x00000000000005b8                CAN2_RX1_IRQHandler
                0x00000000000005b8                EXTI3_IRQHandler
                0x00000000000005b8                USBHS_IRQHandler
                0x00000000000005b8                DMA2_Channel9_IRQHandler
                0x00000000000005b8                TIM10_CC_IRQHandler
                0x00000000000005b8                USBFS_IRQHandler
                0x00000000000005b8                EXTI0_IRQHandler
                0x00000000000005b8                I2C2_EV_IRQHandler
                0x00000000000005b8                TIM10_TRG_COM_IRQHandler
                0x00000000000005b8                CAN2_SCE_IRQHandler
                0x00000000000005b8                ADC1_2_IRQHandler
                0x00000000000005b8                Break_Point_Handler
                0x00000000000005b8                SPI1_IRQHandler
                0x00000000000005b8                TAMPER_IRQHandler
                0x00000000000005b8                CAN2_RX0_IRQHandler
                0x00000000000005b8                TIM8_UP_IRQHandler
                0x00000000000005b8                Ecall_M_Mode_Handler
                0x00000000000005b8                DMA2_Channel2_IRQHandler
                0x00000000000005b8                DMA1_Channel4_IRQHandler
                0x00000000000005b8                TIM9_UP_IRQHandler
                0x00000000000005b8                USART3_IRQHandler
                0x00000000000005b8                RTC_IRQHandler
                0x00000000000005b8                DMA1_Channel7_IRQHandler
                0x00000000000005b8                CAN1_RX1_IRQHandler
                0x00000000000005b8                DVP_IRQHandler
                0x00000000000005b8                UART5_IRQHandler
                0x00000000000005b8                TIM4_IRQHandler
                0x00000000000005b8                DMA2_Channel1_IRQHandler
                0x00000000000005b8                I2C1_EV_IRQHandler
                0x00000000000005b8                DMA1_Channel6_IRQHandler
                0x00000000000005b8                UART4_IRQHandler
                0x00000000000005b8                DMA2_Channel4_IRQHandler
                0x00000000000005b8                TIM3_IRQHandler
                0x00000000000005b8                RCC_IRQHandler
                0x00000000000005b8                TIM1_TRG_COM_IRQHandler
                0x00000000000005b8                DMA1_Channel1_IRQHandler
                0x00000000000005b8                DMA2_Channel7_IRQHandler
                0x00000000000005b8                EXTI15_10_IRQHandler
                0x00000000000005b8                TIM7_IRQHandler
                0x00000000000005b8                CAN2_TX_IRQHandler
                0x00000000000005b8                TIM5_IRQHandler
                0x00000000000005b8                EXTI9_5_IRQHandler
                0x00000000000005b8                ETH_WKUP_IRQHandler
                0x00000000000005b8                SPI2_IRQHandler
                0x00000000000005b8                TIM10_BRK_IRQHandler
                0x00000000000005b8                TIM9_CC_IRQHandler
                0x00000000000005b8                DMA2_Channel5_IRQHandler
                0x00000000000005b8                DMA1_Channel5_IRQHandler
                0x00000000000005b8                EXTI4_IRQHandler
                0x00000000000005b8                USB_LP_CAN1_RX0_IRQHandler
                0x00000000000005b8                RNG_IRQHandler
                0x00000000000005b8                USB_HP_CAN1_TX_IRQHandler
                0x00000000000005b8                DMA1_Channel3_IRQHandler
                0x00000000000005b8                ETH_IRQHandler
                0x00000000000005b8                TIM1_UP_IRQHandler
                0x00000000000005b8                WWDG_IRQHandler
                0x00000000000005b8                USBHSWakeup_IRQHandler
                0x00000000000005b8                DMA2_Channel11_IRQHandler
                0x00000000000005b8                Ecall_U_Mode_Handler
                0x00000000000005b8                DMA2_Channel6_IRQHandler
                0x00000000000005b8                SW_Handler
                0x00000000000005b8                TIM1_BRK_IRQHandler
                0x00000000000005b8                DMA2_Channel10_IRQHandler
                0x00000000000005b8                EXTI1_IRQHandler
                0x00000000000005b8                RTCAlarm_IRQHandler
                0x00000000000005b8                TIM10_UP_IRQHandler
                0x00000000000005b8                TIM9_TRG_COM_IRQHandler
                0x00000000000005b8                UART7_IRQHandler
                0x00000000000005b8                USART2_IRQHandler
                0x00000000000005b8                UART6_IRQHandler
                0x00000000000005b8                I2C2_ER_IRQHandler
                0x00000000000005b8                DMA1_Channel2_IRQHandler
                0x00000000000005b8                TIM8_BRK_IRQHandler
                0x00000000000005b8                CAN1_SCE_IRQHandler
                0x00000000000005b8                FLASH_IRQHandler
                0x00000000000005b8                SPI3_IRQHandler
                0x00000000000005b8                I2C1_ER_IRQHandler
                0x00000000000005b8                USBWakeUp_IRQHandler
                0x00000000000005b8                DMA2_Channel3_IRQHandler
 .text.handle_reset
                0x00000000000005ba       0x8a ./Startup/startup_ch32v30x_D8C.o
                0x00000000000005ba                handle_reset
 .text.GPIO_Init
                0x0000000000000644       0xc0 ./Peripheral/src/ch32v30x_gpio.o
                0x0000000000000644                GPIO_Init
 .text.GPIO_ReadInputDataBit
                0x0000000000000704        0xa ./Peripheral/src/ch32v30x_gpio.o
                0x0000000000000704                GPIO_ReadInputDataBit
 .text.GPIO_WriteBit
                0x000000000000070e        0xa ./Peripheral/src/ch32v30x_gpio.o
                0x000000000000070e                GPIO_WriteBit
 .text.NVIC_PriorityGroupConfig
                0x0000000000000718        0x6 ./Peripheral/src/ch32v30x_misc.o
                0x0000000000000718                NVIC_PriorityGroupConfig
 .text.RCC_GetClocksFreq
                0x000000000000071e      0x176 ./Peripheral/src/ch32v30x_rcc.o
                0x000000000000071e                RCC_GetClocksFreq
 .text.RCC_APB2PeriphClockCmd
                0x0000000000000894       0x1e ./Peripheral/src/ch32v30x_rcc.o
                0x0000000000000894                RCC_APB2PeriphClockCmd
 .text.TIM_GetITStatus
                0x00000000000008b2       0x18 ./Peripheral/src/ch32v30x_tim.o
                0x00000000000008b2                TIM_GetITStatus
 .text.TIM_ClearITPendingBit
                0x00000000000008ca        0xc ./Peripheral/src/ch32v30x_tim.o
                0x00000000000008ca                TIM_ClearITPendingBit
 .text.USART_Init
                0x00000000000008d6       0x8c ./Peripheral/src/ch32v30x_usart.o
                0x00000000000008d6                USART_Init
 .text.USART_Cmd
                0x0000000000000962       0x16 ./Peripheral/src/ch32v30x_usart.o
                0x0000000000000962                USART_Cmd
 .text.USART_SendData
                0x0000000000000978        0x8 ./Peripheral/src/ch32v30x_usart.o
                0x0000000000000978                USART_SendData
 .text.USART_GetFlagStatus
                0x0000000000000980        0xa ./Peripheral/src/ch32v30x_usart.o
                0x0000000000000980                USART_GetFlagStatus
 .text.atk_ms6050_write
                0x000000000000098a       0x56 ./Fuation/src/atk_ms6050.o
                0x000000000000098a                atk_ms6050_write
 .text.atk_ms6050_write_byte
                0x00000000000009e0       0x16 ./Fuation/src/atk_ms6050.o
                0x00000000000009e0                atk_ms6050_write_byte
 .text.atk_ms6050_read
                0x00000000000009f6       0x68 ./Fuation/src/atk_ms6050.o
                0x00000000000009f6                atk_ms6050_read
 .text.atk_ms6050_read_byte
                0x0000000000000a5e        0xe ./Fuation/src/atk_ms6050.o
                0x0000000000000a5e                atk_ms6050_read_byte
 .text.atk_ms6050_sw_reset
                0x0000000000000a6c       0x2a ./Fuation/src/atk_ms6050.o
                0x0000000000000a6c                atk_ms6050_sw_reset
 .text.atk_ms6050_set_gyro_fsr
                0x0000000000000a96       0x18 ./Fuation/src/atk_ms6050.o
                0x0000000000000a96                atk_ms6050_set_gyro_fsr
 .text.atk_ms6050_set_accel_fsr
                0x0000000000000aae       0x18 ./Fuation/src/atk_ms6050.o
                0x0000000000000aae                atk_ms6050_set_accel_fsr
 .text.atk_ms6050_set_lpf
                0x0000000000000ac6       0x40 ./Fuation/src/atk_ms6050.o
                0x0000000000000ac6                atk_ms6050_set_lpf
 .text.atk_ms6050_set_rate
                0x0000000000000b06       0x4a ./Fuation/src/atk_ms6050.o
                0x0000000000000b06                atk_ms6050_set_rate
 .text.atk_ms6050_get_temperature
                0x0000000000000b50       0x5c ./Fuation/src/atk_ms6050.o
                0x0000000000000b50                atk_ms6050_get_temperature
 .text.atk_ms6050_get_gyroscope
                0x0000000000000bac       0x42 ./Fuation/src/atk_ms6050.o
                0x0000000000000bac                atk_ms6050_get_gyroscope
 .text.atk_ms6050_get_accelerometer
                0x0000000000000bee       0x42 ./Fuation/src/atk_ms6050.o
                0x0000000000000bee                atk_ms6050_get_accelerometer
 .text.atk_ms6050_init
                0x0000000000000c30       0xbe ./Fuation/src/atk_ms6050.o
                0x0000000000000c30                atk_ms6050_init
 .text.Read_Encoders
                0x0000000000000cee       0x7c ./Driver/src/Driver_Encoder.o
                0x0000000000000cee                Read_Encoders
 .text.TIM2_IRQHandler
                0x0000000000000d6a       0x8c ./Driver/src/Driver_Encoder.o
                0x0000000000000d6a                TIM2_IRQHandler
 .text.Driver_I2C2_Init
                0x0000000000000df6       0x30 ./Driver/src/Driver_I2C2.o
                0x0000000000000df6                Driver_I2C2_Init
 .text.Driver_I2C2_Start
                0x0000000000000e26       0x32 ./Driver/src/Driver_I2C2.o
                0x0000000000000e26                Driver_I2C2_Start
 .text.Driver_I2C2_Stop
                0x0000000000000e58       0x32 ./Driver/src/Driver_I2C2.o
                0x0000000000000e58                Driver_I2C2_Stop
 .text.Driver_I2C2_Ack
                0x0000000000000e8a       0x56 ./Driver/src/Driver_I2C2.o
                0x0000000000000e8a                Driver_I2C2_Ack
 .text.Driver_I2C2_NAck
                0x0000000000000ee0       0x3e ./Driver/src/Driver_I2C2.o
                0x0000000000000ee0                Driver_I2C2_NAck
 .text.Driver_I2C2_WaitAck
                0x0000000000000f1e       0x46 ./Driver/src/Driver_I2C2.o
                0x0000000000000f1e                Driver_I2C2_WaitAck
 .text.Driver_I2C_SendByte
                0x0000000000000f64       0x78 ./Driver/src/Driver_I2C2.o
                0x0000000000000f64                Driver_I2C_SendByte
 .text.Driver_I2C_ReadByteAck
                0x0000000000000fdc       0x62 ./Driver/src/Driver_I2C2.o
                0x0000000000000fdc                Driver_I2C_ReadByteAck
 .text.Driver_USART1_Init
                0x000000000000103e       0x80 ./Driver/src/Driver_USART.o
                0x000000000000103e                Driver_USART1_Init
 .text.USART1_IRQHandler
                0x00000000000010be       0x3e ./Driver/src/Driver_USART.o
                0x00000000000010be                USART1_IRQHandler
 .text.SysTick_Handler
                0x00000000000010fc       0x16 ./Debug/debug.o
                0x00000000000010fc                SysTick_Handler
 .text.Delay_Init
                0x0000000000001112       0x2a ./Debug/debug.o
                0x0000000000001112                Delay_Init
 .text.Delay_Us
                0x000000000000113c       0x36 ./Debug/debug.o
                0x000000000000113c                Delay_Us
 .text.Delay_Ms
                0x0000000000001172       0x36 ./Debug/debug.o
                0x0000000000001172                Delay_Ms
 .text._write   0x00000000000011a8       0x3e ./Debug/debug.o
                0x00000000000011a8                _write
 .text._sbrk    0x00000000000011e6       0x26 ./Debug/debug.o
                0x00000000000011e6                _sbrk
 .text.__addsf3
                0x000000000000120c      0x36a f:/mu/mounriver_studio2/resources/app/resources/win32/components/wch/toolchain/risc-v embedded gcc/bin/../lib/gcc/riscv-none-embed/8.2.0/rv32imacxw/ilp32\libgcc.a(addsf3.o)
                0x000000000000120c                __addsf3
 .text.__divsf3
                0x0000000000001576      0x2ae f:/mu/mounriver_studio2/resources/app/resources/win32/components/wch/toolchain/risc-v embedded gcc/bin/../lib/gcc/riscv-none-embed/8.2.0/rv32imacxw/ilp32\libgcc.a(divsf3.o)
                0x0000000000001576                __divsf3
 .text.__mulsf3
                0x0000000000001824      0x290 f:/mu/mounriver_studio2/resources/app/resources/win32/components/wch/toolchain/risc-v embedded gcc/bin/../lib/gcc/riscv-none-embed/8.2.0/rv32imacxw/ilp32\libgcc.a(mulsf3.o)
                0x0000000000001824                __mulsf3
 .text.__fixsfsi
                0x0000000000001ab4       0x62 f:/mu/mounriver_studio2/resources/app/resources/win32/components/wch/toolchain/risc-v embedded gcc/bin/../lib/gcc/riscv-none-embed/8.2.0/rv32imacxw/ilp32\libgcc.a(fixsfsi.o)
                0x0000000000001ab4                __fixsfsi
 .text.__floatsisf
                0x0000000000001b16       0xc6 f:/mu/mounriver_studio2/resources/app/resources/win32/components/wch/toolchain/risc-v embedded gcc/bin/../lib/gcc/riscv-none-embed/8.2.0/rv32imacxw/ilp32\libgcc.a(floatsisf.o)
                0x0000000000001b16                __floatsisf
 .text.__clzsi2
                0x0000000000001bdc       0x6e f:/mu/mounriver_studio2/resources/app/resources/win32/components/wch/toolchain/risc-v embedded gcc/bin/../lib/gcc/riscv-none-embed/8.2.0/rv32imacxw/ilp32\libgcc.a(_clzsi2.o)
                0x0000000000001bdc                __clzsi2
 .text.printf   0x0000000000001c4a       0x3e f:/mu/mounriver_studio2/resources/app/resources/win32/components/wch/toolchain/risc-v embedded gcc/bin/../lib/gcc/riscv-none-embed/8.2.0/../../../../riscv-none-embed/lib/rv32imacxw/ilp32\libg_nano.a(lib_a-printf.o)
                0x0000000000001c4a                iprintf
                0x0000000000001c4a                printf
 .text.std      0x0000000000001c88       0x66 f:/mu/mounriver_studio2/resources/app/resources/win32/components/wch/toolchain/risc-v embedded gcc/bin/../lib/gcc/riscv-none-embed/8.2.0/../../../../riscv-none-embed/lib/rv32imacxw/ilp32\libg_nano.a(lib_a-findfp.o)
 .text._cleanup_r
                0x0000000000001cee        0xa f:/mu/mounriver_studio2/resources/app/resources/win32/components/wch/toolchain/risc-v embedded gcc/bin/../lib/gcc/riscv-none-embed/8.2.0/../../../../riscv-none-embed/lib/rv32imacxw/ilp32\libg_nano.a(lib_a-findfp.o)
                0x0000000000001cee                _cleanup_r
 .text.__sfmoreglue
                0x0000000000001cf8       0x46 f:/mu/mounriver_studio2/resources/app/resources/win32/components/wch/toolchain/risc-v embedded gcc/bin/../lib/gcc/riscv-none-embed/8.2.0/../../../../riscv-none-embed/lib/rv32imacxw/ilp32\libg_nano.a(lib_a-findfp.o)
                0x0000000000001cf8                __sfmoreglue
 .text.__sinit  0x0000000000001d3e       0x66 f:/mu/mounriver_studio2/resources/app/resources/win32/components/wch/toolchain/risc-v embedded gcc/bin/../lib/gcc/riscv-none-embed/8.2.0/../../../../riscv-none-embed/lib/rv32imacxw/ilp32\libg_nano.a(lib_a-findfp.o)
                0x0000000000001d3e                __sinit
 .text.__sfp    0x0000000000001da4       0x9c f:/mu/mounriver_studio2/resources/app/resources/win32/components/wch/toolchain/risc-v embedded gcc/bin/../lib/gcc/riscv-none-embed/8.2.0/../../../../riscv-none-embed/lib/rv32imacxw/ilp32\libg_nano.a(lib_a-findfp.o)
                0x0000000000001da4                __sfp
 .text._fwalk_reent
                0x0000000000001e40       0x6a f:/mu/mounriver_studio2/resources/app/resources/win32/components/wch/toolchain/risc-v embedded gcc/bin/../lib/gcc/riscv-none-embed/8.2.0/../../../../riscv-none-embed/lib/rv32imacxw/ilp32\libg_nano.a(lib_a-fwalk.o)
                0x0000000000001e40                _fwalk_reent
 .text._malloc_r
                0x0000000000001eaa       0xd4 f:/mu/mounriver_studio2/resources/app/resources/win32/components/wch/toolchain/risc-v embedded gcc/bin/../lib/gcc/riscv-none-embed/8.2.0/../../../../riscv-none-embed/lib/rv32imacxw/ilp32\libg_nano.a(lib_a-nano-mallocr.o)
                0x0000000000001eaa                _malloc_r
 .text.__sfputc_r
                0x0000000000001f7e       0x26 f:/mu/mounriver_studio2/resources/app/resources/win32/components/wch/toolchain/risc-v embedded gcc/bin/../lib/gcc/riscv-none-embed/8.2.0/../../../../riscv-none-embed/lib/rv32imacxw/ilp32\libg_nano.a(lib_a-nano-vfprintf.o)
 .text.__sfputs_r
                0x0000000000001fa4       0x40 f:/mu/mounriver_studio2/resources/app/resources/win32/components/wch/toolchain/risc-v embedded gcc/bin/../lib/gcc/riscv-none-embed/8.2.0/../../../../riscv-none-embed/lib/rv32imacxw/ilp32\libg_nano.a(lib_a-nano-vfprintf.o)
                0x0000000000001fa4                __sfputs_r
 .text._vfprintf_r
                0x0000000000001fe4      0x288 f:/mu/mounriver_studio2/resources/app/resources/win32/components/wch/toolchain/risc-v embedded gcc/bin/../lib/gcc/riscv-none-embed/8.2.0/../../../../riscv-none-embed/lib/rv32imacxw/ilp32\libg_nano.a(lib_a-nano-vfprintf.o)
                0x0000000000001fe4                _vfprintf_r
                0x0000000000001fe4                _vfiprintf_r
 .text._printf_common
                0x000000000000226c      0x10c f:/mu/mounriver_studio2/resources/app/resources/win32/components/wch/toolchain/risc-v embedded gcc/bin/../lib/gcc/riscv-none-embed/8.2.0/../../../../riscv-none-embed/lib/rv32imacxw/ilp32\libg_nano.a(lib_a-nano-vfprintf_i.o)
                0x000000000000226c                _printf_common
 .text._printf_i
                0x0000000000002378      0x2a0 f:/mu/mounriver_studio2/resources/app/resources/win32/components/wch/toolchain/risc-v embedded gcc/bin/../lib/gcc/riscv-none-embed/8.2.0/../../../../riscv-none-embed/lib/rv32imacxw/ilp32\libg_nano.a(lib_a-nano-vfprintf_i.o)
                0x0000000000002378                _printf_i
 .text._sbrk_r  0x0000000000002618       0x2a f:/mu/mounriver_studio2/resources/app/resources/win32/components/wch/toolchain/risc-v embedded gcc/bin/../lib/gcc/riscv-none-embed/8.2.0/../../../../riscv-none-embed/lib/rv32imacxw/ilp32\libg_nano.a(lib_a-sbrkr.o)
                0x0000000000002618                _sbrk_r
 .text.__sread  0x0000000000002642       0x2c f:/mu/mounriver_studio2/resources/app/resources/win32/components/wch/toolchain/risc-v embedded gcc/bin/../lib/gcc/riscv-none-embed/8.2.0/../../../../riscv-none-embed/lib/rv32imacxw/ilp32\libg_nano.a(lib_a-stdio.o)
                0x0000000000002642                __sread
 .text.__swrite
                0x000000000000266e       0x48 f:/mu/mounriver_studio2/resources/app/resources/win32/components/wch/toolchain/risc-v embedded gcc/bin/../lib/gcc/riscv-none-embed/8.2.0/../../../../riscv-none-embed/lib/rv32imacxw/ilp32\libg_nano.a(lib_a-stdio.o)
                0x000000000000266e                __swrite
 .text.__sseek  0x00000000000026b6       0x30 f:/mu/mounriver_studio2/resources/app/resources/win32/components/wch/toolchain/risc-v embedded gcc/bin/../lib/gcc/riscv-none-embed/8.2.0/../../../../riscv-none-embed/lib/rv32imacxw/ilp32\libg_nano.a(lib_a-stdio.o)
                0x00000000000026b6                __sseek
 .text.__sclose
                0x00000000000026e6        0x6 f:/mu/mounriver_studio2/resources/app/resources/win32/components/wch/toolchain/risc-v embedded gcc/bin/../lib/gcc/riscv-none-embed/8.2.0/../../../../riscv-none-embed/lib/rv32imacxw/ilp32\libg_nano.a(lib_a-stdio.o)
                0x00000000000026e6                __sclose
 .text.__swbuf_r
                0x00000000000026ec       0xbe f:/mu/mounriver_studio2/resources/app/resources/win32/components/wch/toolchain/risc-v embedded gcc/bin/../lib/gcc/riscv-none-embed/8.2.0/../../../../riscv-none-embed/lib/rv32imacxw/ilp32\libg_nano.a(lib_a-wbuf.o)
                0x00000000000026ec                __swbuf_r
 .text._write_r
                0x00000000000027aa       0x2e f:/mu/mounriver_studio2/resources/app/resources/win32/components/wch/toolchain/risc-v embedded gcc/bin/../lib/gcc/riscv-none-embed/8.2.0/../../../../riscv-none-embed/lib/rv32imacxw/ilp32\libg_nano.a(lib_a-writer.o)
                0x00000000000027aa                _write_r
 .text.__swsetup_r
                0x00000000000027d8       0xfe f:/mu/mounriver_studio2/resources/app/resources/win32/components/wch/toolchain/risc-v embedded gcc/bin/../lib/gcc/riscv-none-embed/8.2.0/../../../../riscv-none-embed/lib/rv32imacxw/ilp32\libg_nano.a(lib_a-wsetup.o)
                0x00000000000027d8                __swsetup_r
 .text._close_r
                0x00000000000028d6       0x28 f:/mu/mounriver_studio2/resources/app/resources/win32/components/wch/toolchain/risc-v embedded gcc/bin/../lib/gcc/riscv-none-embed/8.2.0/../../../../riscv-none-embed/lib/rv32imacxw/ilp32\libg_nano.a(lib_a-closer.o)
                0x00000000000028d6                _close_r
 .text.__sflush_r
                0x00000000000028fe      0x130 f:/mu/mounriver_studio2/resources/app/resources/win32/components/wch/toolchain/risc-v embedded gcc/bin/../lib/gcc/riscv-none-embed/8.2.0/../../../../riscv-none-embed/lib/rv32imacxw/ilp32\libg_nano.a(lib_a-fflush.o)
                0x00000000000028fe                __sflush_r
 .text._fflush_r
                0x0000000000002a2e       0x66 f:/mu/mounriver_studio2/resources/app/resources/win32/components/wch/toolchain/risc-v embedded gcc/bin/../lib/gcc/riscv-none-embed/8.2.0/../../../../riscv-none-embed/lib/rv32imacxw/ilp32\libg_nano.a(lib_a-fflush.o)
                0x0000000000002a2e                _fflush_r
 .text._lseek_r
                0x0000000000002a94       0x2c f:/mu/mounriver_studio2/resources/app/resources/win32/components/wch/toolchain/risc-v embedded gcc/bin/../lib/gcc/riscv-none-embed/8.2.0/../../../../riscv-none-embed/lib/rv32imacxw/ilp32\libg_nano.a(lib_a-lseekr.o)
                0x0000000000002a94                _lseek_r
 .text.__swhatbuf_r
                0x0000000000002ac0       0x56 f:/mu/mounriver_studio2/resources/app/resources/win32/components/wch/toolchain/risc-v embedded gcc/bin/../lib/gcc/riscv-none-embed/8.2.0/../../../../riscv-none-embed/lib/rv32imacxw/ilp32\libg_nano.a(lib_a-makebuf.o)
                0x0000000000002ac0                __swhatbuf_r
 .text.__smakebuf_r
                0x0000000000002b16       0x90 f:/mu/mounriver_studio2/resources/app/resources/win32/components/wch/toolchain/risc-v embedded gcc/bin/../lib/gcc/riscv-none-embed/8.2.0/../../../../riscv-none-embed/lib/rv32imacxw/ilp32\libg_nano.a(lib_a-makebuf.o)
                0x0000000000002b16                __smakebuf_r
 .text.memchr   0x0000000000002ba6       0x18 f:/mu/mounriver_studio2/resources/app/resources/win32/components/wch/toolchain/risc-v embedded gcc/bin/../lib/gcc/riscv-none-embed/8.2.0/../../../../riscv-none-embed/lib/rv32imacxw/ilp32\libg_nano.a(lib_a-memchr.o)
                0x0000000000002ba6                memchr
 .text.__malloc_lock
                0x0000000000002bbe        0x2 f:/mu/mounriver_studio2/resources/app/resources/win32/components/wch/toolchain/risc-v embedded gcc/bin/../lib/gcc/riscv-none-embed/8.2.0/../../../../riscv-none-embed/lib/rv32imacxw/ilp32\libg_nano.a(lib_a-mlock.o)
                0x0000000000002bbe                __malloc_lock
 .text.__malloc_unlock
                0x0000000000002bc0        0x2 f:/mu/mounriver_studio2/resources/app/resources/win32/components/wch/toolchain/risc-v embedded gcc/bin/../lib/gcc/riscv-none-embed/8.2.0/../../../../riscv-none-embed/lib/rv32imacxw/ilp32\libg_nano.a(lib_a-mlock.o)
                0x0000000000002bc0                __malloc_unlock
 .text._free_r  0x0000000000002bc2       0xa4 f:/mu/mounriver_studio2/resources/app/resources/win32/components/wch/toolchain/risc-v embedded gcc/bin/../lib/gcc/riscv-none-embed/8.2.0/../../../../riscv-none-embed/lib/rv32imacxw/ilp32\libg_nano.a(lib_a-nano-freer.o)
                0x0000000000002bc2                _free_r
 .text._read_r  0x0000000000002c66       0x2c f:/mu/mounriver_studio2/resources/app/resources/win32/components/wch/toolchain/risc-v embedded gcc/bin/../lib/gcc/riscv-none-embed/8.2.0/../../../../riscv-none-embed/lib/rv32imacxw/ilp32\libg_nano.a(lib_a-readr.o)
                0x0000000000002c66                _read_r
 .text._fstat_r
                0x0000000000002c92       0x2a f:/mu/mounriver_studio2/resources/app/resources/win32/components/wch/toolchain/risc-v embedded gcc/bin/../lib/gcc/riscv-none-embed/8.2.0/../../../../riscv-none-embed/lib/rv32imacxw/ilp32\libg_nano.a(lib_a-fstatr.o)
                0x0000000000002c92                _fstat_r
 .text._isatty_r
                0x0000000000002cbc       0x28 f:/mu/mounriver_studio2/resources/app/resources/win32/components/wch/toolchain/risc-v embedded gcc/bin/../lib/gcc/riscv-none-embed/8.2.0/../../../../riscv-none-embed/lib/rv32imacxw/ilp32\libg_nano.a(lib_a-isattyr.o)
                0x0000000000002cbc                _isatty_r
 .text._close   0x0000000000002ce4        0xc f:/mu/mounriver_studio2/resources/app/resources/win32/components/wch/toolchain/risc-v embedded gcc/bin/../lib/gcc/riscv-none-embed/8.2.0/../../../../riscv-none-embed/lib/rv32imacxw/ilp32\libnosys.a(close.o)
                0x0000000000002ce4                _close
 .text._fstat   0x0000000000002cf0        0xc f:/mu/mounriver_studio2/resources/app/resources/win32/components/wch/toolchain/risc-v embedded gcc/bin/../lib/gcc/riscv-none-embed/8.2.0/../../../../riscv-none-embed/lib/rv32imacxw/ilp32\libnosys.a(fstat.o)
                0x0000000000002cf0                _fstat
 .text._isatty  0x0000000000002cfc        0xc f:/mu/mounriver_studio2/resources/app/resources/win32/components/wch/toolchain/risc-v embedded gcc/bin/../lib/gcc/riscv-none-embed/8.2.0/../../../../riscv-none-embed/lib/rv32imacxw/ilp32\libnosys.a(isatty.o)
                0x0000000000002cfc                _isatty
 .text._lseek   0x0000000000002d08        0xc f:/mu/mounriver_studio2/resources/app/resources/win32/components/wch/toolchain/risc-v embedded gcc/bin/../lib/gcc/riscv-none-embed/8.2.0/../../../../riscv-none-embed/lib/rv32imacxw/ilp32\libnosys.a(lseek.o)
                0x0000000000002d08                _lseek
 .text._read    0x0000000000002d14        0xc f:/mu/mounriver_studio2/resources/app/resources/win32/components/wch/toolchain/risc-v embedded gcc/bin/../lib/gcc/riscv-none-embed/8.2.0/../../../../riscv-none-embed/lib/rv32imacxw/ilp32\libnosys.a(read.o)
                0x0000000000002d14                _read
 *(.rodata)
 *(.rodata*)
 *fill*         0x0000000000002d20        0x0 
 .rodata.main.str1.4
                0x0000000000002d20       0xc4 ./User/main.o
 .rodata.atk_ms6050_get_temperature.cst4
                0x0000000000002de4        0xc ./Fuation/src/atk_ms6050.o
 .rodata.TIM2_IRQHandler.str1.4
                0x0000000000002df0       0x18 ./Driver/src/Driver_Encoder.o
 .rodata.__divsf3
                0x0000000000002e08       0x80 f:/mu/mounriver_studio2/resources/app/resources/win32/components/wch/toolchain/risc-v embedded gcc/bin/../lib/gcc/riscv-none-embed/8.2.0/rv32imacxw/ilp32\libgcc.a(divsf3.o)
 .rodata.__mulsf3
                0x0000000000002e88       0x40 f:/mu/mounriver_studio2/resources/app/resources/win32/components/wch/toolchain/risc-v embedded gcc/bin/../lib/gcc/riscv-none-embed/8.2.0/rv32imacxw/ilp32\libgcc.a(mulsf3.o)
 .rodata.__clz_tab
                0x0000000000002ec8      0x100 f:/mu/mounriver_studio2/resources/app/resources/win32/components/wch/toolchain/risc-v embedded gcc/bin/../lib/gcc/riscv-none-embed/8.2.0/rv32imacxw/ilp32\libgcc.a(_clz.o)
                0x0000000000002ec8                __clz_tab
 .rodata.__sf_fake_stderr
                0x0000000000002fc8       0x20 f:/mu/mounriver_studio2/resources/app/resources/win32/components/wch/toolchain/risc-v embedded gcc/bin/../lib/gcc/riscv-none-embed/8.2.0/../../../../riscv-none-embed/lib/rv32imacxw/ilp32\libg_nano.a(lib_a-findfp.o)
                0x0000000000002fc8                __sf_fake_stderr
 .rodata.__sf_fake_stdin
                0x0000000000002fe8       0x20 f:/mu/mounriver_studio2/resources/app/resources/win32/components/wch/toolchain/risc-v embedded gcc/bin/../lib/gcc/riscv-none-embed/8.2.0/../../../../riscv-none-embed/lib/rv32imacxw/ilp32\libg_nano.a(lib_a-findfp.o)
                0x0000000000002fe8                __sf_fake_stdin
 .rodata.__sf_fake_stdout
                0x0000000000003008       0x20 f:/mu/mounriver_studio2/resources/app/resources/win32/components/wch/toolchain/risc-v embedded gcc/bin/../lib/gcc/riscv-none-embed/8.2.0/../../../../riscv-none-embed/lib/rv32imacxw/ilp32\libg_nano.a(lib_a-findfp.o)
                0x0000000000003008                __sf_fake_stdout
 .rodata._vfprintf_r.str1.4
                0x0000000000003028       0x13 f:/mu/mounriver_studio2/resources/app/resources/win32/components/wch/toolchain/risc-v embedded gcc/bin/../lib/gcc/riscv-none-embed/8.2.0/../../../../riscv-none-embed/lib/rv32imacxw/ilp32\libg_nano.a(lib_a-nano-vfprintf.o)
 *fill*         0x000000000000303b        0x1 
 .rodata._printf_i.str1.4
                0x000000000000303c       0x28 f:/mu/mounriver_studio2/resources/app/resources/win32/components/wch/toolchain/risc-v embedded gcc/bin/../lib/gcc/riscv-none-embed/8.2.0/../../../../riscv-none-embed/lib/rv32imacxw/ilp32\libg_nano.a(lib_a-nano-vfprintf_i.o)
                                         0x25 (size before relaxing)
 *(.gnu.linkonce.t.*)
                0x0000000000003064                . = ALIGN (0x4)

.rela.dyn       0x0000000000003064        0x0
 .rela.init     0x0000000000003064        0x0 ./User/ch32v30x_it.o
 .rela.vector   0x0000000000003064        0x0 ./User/ch32v30x_it.o
 .rela.text.handle_reset
                0x0000000000003064        0x0 ./User/ch32v30x_it.o
 .rela.text._sbrk
                0x0000000000003064        0x0 ./User/ch32v30x_it.o
 .rela.sdata.curbrk.5288
                0x0000000000003064        0x0 ./User/ch32v30x_it.o
 .rela.text._vfprintf_r
                0x0000000000003064        0x0 ./User/ch32v30x_it.o
 .rela.text._sbrk_r
                0x0000000000003064        0x0 ./User/ch32v30x_it.o
 .rela.text._write_r
                0x0000000000003064        0x0 ./User/ch32v30x_it.o
 .rela.text._close_r
                0x0000000000003064        0x0 ./User/ch32v30x_it.o
 .rela.text._lseek_r
                0x0000000000003064        0x0 ./User/ch32v30x_it.o
 .rela.text._read_r
                0x0000000000003064        0x0 ./User/ch32v30x_it.o
 .rela.text._fstat_r
                0x0000000000003064        0x0 ./User/ch32v30x_it.o
 .rela.text._isatty_r
                0x0000000000003064        0x0 ./User/ch32v30x_it.o
 .rela.text._close
                0x0000000000003064        0x0 ./User/ch32v30x_it.o
 .rela.text._fstat
                0x0000000000003064        0x0 ./User/ch32v30x_it.o
 .rela.text._isatty
                0x0000000000003064        0x0 ./User/ch32v30x_it.o
 .rela.text._lseek
                0x0000000000003064        0x0 ./User/ch32v30x_it.o
 .rela.text._read
                0x0000000000003064        0x0 ./User/ch32v30x_it.o

.fini           0x0000000000003064        0x0
 *(SORT_NONE(.fini))
                0x0000000000003064                . = ALIGN (0x4)
                [!provide]                        PROVIDE (_etext = .)
                [!provide]                        PROVIDE (_eitcm = .)

.preinit_array  0x0000000000003064        0x0
                [!provide]                        PROVIDE (__preinit_array_start = .)
 *(.preinit_array)
                [!provide]                        PROVIDE (__preinit_array_end = .)

.init_array     0x0000000000003064        0x0
                [!provide]                        PROVIDE (__init_array_start = .)
 *(SORT_BY_INIT_PRIORITY(.init_array.*) SORT_BY_INIT_PRIORITY(.ctors.*))
 *(.init_array EXCLUDE_FILE(*crtend?.o *crtend.o *crtbegin?.o *crtbegin.o) .ctors)
                [!provide]                        PROVIDE (__init_array_end = .)

.fini_array     0x0000000000003064        0x0
                [!provide]                        PROVIDE (__fini_array_start = .)
 *(SORT_BY_INIT_PRIORITY(.fini_array.*) SORT_BY_INIT_PRIORITY(.dtors.*))
 *(.fini_array EXCLUDE_FILE(*crtend?.o *crtend.o *crtbegin?.o *crtbegin.o) .dtors)
                [!provide]                        PROVIDE (__fini_array_end = .)

.ctors
 *crtbegin.o(.ctors)
 *crtbegin?.o(.ctors)
 *(EXCLUDE_FILE(*crtend?.o *crtend.o) .ctors)
 *(SORT_BY_NAME(.ctors.*))
 *(.ctors)

.dtors
 *crtbegin.o(.dtors)
 *crtbegin?.o(.dtors)
 *(EXCLUDE_FILE(*crtend?.o *crtend.o) .dtors)
 *(SORT_BY_NAME(.dtors.*))
 *(.dtors)

.dalign         0x0000000020000000        0x0 load address 0x0000000000003064
                0x0000000020000000                . = ALIGN (0x4)
                0x0000000020000000                PROVIDE (_data_vma = .)

.dlalign        0x0000000000003064        0x0
                0x0000000000003064                . = ALIGN (0x4)
                0x0000000000003064                PROVIDE (_data_lma = .)

.data           0x0000000020000000       0x98 load address 0x0000000000003064
 *(.gnu.linkonce.r.*)
 *(.data .data.*)
 .data.AHBPrescTable
                0x0000000020000000       0x10 ./User/system_ch32v30x.o
                0x0000000020000000                AHBPrescTable
 .data.APBAHBPrescTable
                0x0000000020000010       0x10 ./Peripheral/src/ch32v30x_rcc.o
 .data.impure_data
                0x0000000020000020       0x60 f:/mu/mounriver_studio2/resources/app/resources/win32/components/wch/toolchain/risc-v embedded gcc/bin/../lib/gcc/riscv-none-embed/8.2.0/../../../../riscv-none-embed/lib/rv32imacxw/ilp32\libg_nano.a(lib_a-impure.o)
 *(.gnu.linkonce.d.*)
                0x0000000020000080                . = ALIGN (0x8)
                0x0000000020000880                PROVIDE (__global_pointer$ = (. + 0x800))
 *(.sdata .sdata.*)
 .sdata.SystemCoreClock
                0x0000000020000080        0x4 ./User/system_ch32v30x.o
                0x0000000020000080                SystemCoreClock
 .sdata.ADCPrescTable
                0x0000000020000084        0x4 ./Peripheral/src/ch32v30x_rcc.o
 .sdata.curbrk.5288
                0x0000000020000088        0x4 ./Debug/debug.o
 .sdata._impure_ptr
                0x000000002000008c        0x4 f:/mu/mounriver_studio2/resources/app/resources/win32/components/wch/toolchain/risc-v embedded gcc/bin/../lib/gcc/riscv-none-embed/8.2.0/../../../../riscv-none-embed/lib/rv32imacxw/ilp32\libg_nano.a(lib_a-impure.o)
                0x000000002000008c                _impure_ptr
 *(.sdata2.*)
 .sdata2._global_impure_ptr
                0x0000000020000090        0x4 f:/mu/mounriver_studio2/resources/app/resources/win32/components/wch/toolchain/risc-v embedded gcc/bin/../lib/gcc/riscv-none-embed/8.2.0/../../../../riscv-none-embed/lib/rv32imacxw/ilp32\libg_nano.a(lib_a-impure.o)
                0x0000000020000090                _global_impure_ptr
 *(.gnu.linkonce.s.*)
                0x0000000020000098                . = ALIGN (0x8)
 *fill*         0x0000000020000094        0x4 
 *(.srodata.cst16)
 *(.srodata.cst8)
 *(.srodata.cst4)
 *(.srodata.cst2)
 *(.srodata .srodata.*)
                0x0000000020000098                . = ALIGN (0x4)
                0x0000000020000098                PROVIDE (_edata = .)

.bss            0x0000000020000098       0xd8 load address 0x00000000000030fc
                0x0000000020000098                . = ALIGN (0x4)
                0x0000000020000098                PROVIDE (_sbss = .)
 *(.sbss*)
 .sbss.NVIC_Priority_Group
                0x0000000020000098        0x4 ./Peripheral/src/ch32v30x_misc.o
                0x0000000020000098                NVIC_Priority_Group
 .sbss.count.5283
                0x000000002000009c        0x2 ./Driver/src/Driver_Encoder.o
 *fill*         0x000000002000009e        0x2 
 .sbss.last_state.5260
                0x00000000200000a0        0x4 ./Driver/src/Driver_Encoder.o
 .sbss.isToSend
                0x00000000200000a4        0x1 ./Driver/src/Driver_USART.o
                0x00000000200000a4                isToSend
 .sbss.len      0x00000000200000a5        0x1 ./Driver/src/Driver_USART.o
                0x00000000200000a5                len
 *fill*         0x00000000200000a6        0x2 
 .sbss.g_tickCount
                0x00000000200000a8        0x4 ./Debug/debug.o
                0x00000000200000a8                g_tickCount
 .sbss.p_ms     0x00000000200000ac        0x2 ./Debug/debug.o
 .sbss.p_us     0x00000000200000ae        0x1 ./Debug/debug.o
 *fill*         0x00000000200000af        0x1 
 .sbss.__malloc_free_list
                0x00000000200000b0        0x4 f:/mu/mounriver_studio2/resources/app/resources/win32/components/wch/toolchain/risc-v embedded gcc/bin/../lib/gcc/riscv-none-embed/8.2.0/../../../../riscv-none-embed/lib/rv32imacxw/ilp32\libg_nano.a(lib_a-nano-mallocr.o)
                0x00000000200000b0                __malloc_free_list
 .sbss.__malloc_sbrk_start
                0x00000000200000b4        0x4 f:/mu/mounriver_studio2/resources/app/resources/win32/components/wch/toolchain/risc-v embedded gcc/bin/../lib/gcc/riscv-none-embed/8.2.0/../../../../riscv-none-embed/lib/rv32imacxw/ilp32\libg_nano.a(lib_a-nano-mallocr.o)
                0x00000000200000b4                __malloc_sbrk_start
 *(.gnu.linkonce.sb.*)
 *(.bss*)
 .bss.motors    0x00000000200000b8       0x50 ./Driver/src/Driver_Encoder.o
                0x00000000200000b8                motors
 .bss.buff      0x0000000020000108       0x64 ./Driver/src/Driver_USART.o
                0x0000000020000108                buff
 *(.gnu.linkonce.b.*)
 *(COMMON*)
 COMMON         0x000000002000016c        0x4 f:/mu/mounriver_studio2/resources/app/resources/win32/components/wch/toolchain/risc-v embedded gcc/bin/../lib/gcc/riscv-none-embed/8.2.0/../../../../riscv-none-embed/lib/rv32imacxw/ilp32\libg_nano.a(lib_a-reent.o)
                0x000000002000016c                errno
                0x0000000020000170                . = ALIGN (0x4)
                0x0000000020000170                PROVIDE (_ebss = .)
                0x0000000020000170                PROVIDE (_end = _ebss)
                [!provide]                        PROVIDE (end = .)

.stack          0x0000000020007800      0x800
                0x0000000020007800                PROVIDE (_heap_end = .)
                0x0000000020007800                . = ALIGN (0x4)
                [!provide]                        PROVIDE (_susrstack = .)
                0x0000000020008000                . = (. + __stack_size)
 *fill*         0x0000000020007800      0x800 
                0x0000000020008000                PROVIDE (_eusrstack = .)
OUTPUT(CH32V307VCT6.elf elf32-littleriscv)

.debug_info     0x0000000000000000     0xf645
 .debug_info    0x0000000000000000      0xbc0 ./User/ch32v30x_it.o
 .debug_info    0x0000000000000bc0      0xb5e ./User/main.o
 .debug_info    0x000000000000171e      0xbb5 ./User/system_ch32v30x.o
 .debug_info    0x00000000000022d3       0x22 ./Startup/startup_ch32v30x_D8C.o
 .debug_info    0x00000000000022f5     0x12aa ./Peripheral/src/ch32v30x_gpio.o
 .debug_info    0x000000000000359f      0xf60 ./Peripheral/src/ch32v30x_misc.o
 .debug_info    0x00000000000044ff     0x158a ./Peripheral/src/ch32v30x_rcc.o
 .debug_info    0x0000000000005a89     0x2a32 ./Peripheral/src/ch32v30x_tim.o
 .debug_info    0x00000000000084bb     0x13cd ./Peripheral/src/ch32v30x_usart.o
 .debug_info    0x0000000000009888     0x13ec ./Fuation/src/atk_ms6050.o
 .debug_info    0x000000000000ac74     0x1401 ./Driver/src/Driver_Encoder.o
 .debug_info    0x000000000000c075      0xdec ./Driver/src/Driver_I2C2.o
 .debug_info    0x000000000000ce61     0x139b ./Driver/src/Driver_USART.o
 .debug_info    0x000000000000e1fc     0x1449 ./Debug/debug.o

.debug_abbrev   0x0000000000000000     0x2850
 .debug_abbrev  0x0000000000000000      0x22c ./User/ch32v30x_it.o
 .debug_abbrev  0x000000000000022c      0x248 ./User/main.o
 .debug_abbrev  0x0000000000000474      0x2c0 ./User/system_ch32v30x.o
 .debug_abbrev  0x0000000000000734       0x12 ./Startup/startup_ch32v30x_D8C.o
 .debug_abbrev  0x0000000000000746      0x31a ./Peripheral/src/ch32v30x_gpio.o
 .debug_abbrev  0x0000000000000a60      0x2e3 ./Peripheral/src/ch32v30x_misc.o
 .debug_abbrev  0x0000000000000d43      0x351 ./Peripheral/src/ch32v30x_rcc.o
 .debug_abbrev  0x0000000000001094      0x408 ./Peripheral/src/ch32v30x_tim.o
 .debug_abbrev  0x000000000000149c      0x312 ./Peripheral/src/ch32v30x_usart.o
 .debug_abbrev  0x00000000000017ae      0x3fc ./Fuation/src/atk_ms6050.o
 .debug_abbrev  0x0000000000001baa      0x2d0 ./Driver/src/Driver_Encoder.o
 .debug_abbrev  0x0000000000001e7a      0x2b7 ./Driver/src/Driver_I2C2.o
 .debug_abbrev  0x0000000000002131      0x352 ./Driver/src/Driver_USART.o
 .debug_abbrev  0x0000000000002483      0x3cd ./Debug/debug.o

.debug_aranges  0x0000000000000000      0x8c0
 .debug_aranges
                0x0000000000000000       0x28 ./User/ch32v30x_it.o
 .debug_aranges
                0x0000000000000028       0x20 ./User/main.o
 .debug_aranges
                0x0000000000000048       0x28 ./User/system_ch32v30x.o
 .debug_aranges
                0x0000000000000070       0x30 ./Startup/startup_ch32v30x_D8C.o
 .debug_aranges
                0x00000000000000a0       0xb0 ./Peripheral/src/ch32v30x_gpio.o
 .debug_aranges
                0x0000000000000150       0x28 ./Peripheral/src/ch32v30x_misc.o
 .debug_aranges
                0x0000000000000178      0x1a8 ./Peripheral/src/ch32v30x_rcc.o
 .debug_aranges
                0x0000000000000320      0x2d0 ./Peripheral/src/ch32v30x_tim.o
 .debug_aranges
                0x00000000000005f0       0xf0 ./Peripheral/src/ch32v30x_usart.o
 .debug_aranges
                0x00000000000006e0       0x80 ./Fuation/src/atk_ms6050.o
 .debug_aranges
                0x0000000000000760       0x38 ./Driver/src/Driver_Encoder.o
 .debug_aranges
                0x0000000000000798       0x60 ./Driver/src/Driver_I2C2.o
 .debug_aranges
                0x00000000000007f8       0x60 ./Driver/src/Driver_USART.o
 .debug_aranges
                0x0000000000000858       0x68 ./Debug/debug.o

.debug_ranges   0x0000000000000000      0x940
 .debug_ranges  0x0000000000000000       0x18 ./User/ch32v30x_it.o
 .debug_ranges  0x0000000000000018       0x10 ./User/main.o
 .debug_ranges  0x0000000000000028       0x38 ./User/system_ch32v30x.o
 .debug_ranges  0x0000000000000060       0x28 ./Startup/startup_ch32v30x_D8C.o
 .debug_ranges  0x0000000000000088       0xa0 ./Peripheral/src/ch32v30x_gpio.o
 .debug_ranges  0x0000000000000128       0x48 ./Peripheral/src/ch32v30x_misc.o
 .debug_ranges  0x0000000000000170      0x198 ./Peripheral/src/ch32v30x_rcc.o
 .debug_ranges  0x0000000000000308      0x2f0 ./Peripheral/src/ch32v30x_tim.o
 .debug_ranges  0x00000000000005f8       0xe0 ./Peripheral/src/ch32v30x_usart.o
 .debug_ranges  0x00000000000006d8       0x88 ./Fuation/src/atk_ms6050.o
 .debug_ranges  0x0000000000000760       0x78 ./Driver/src/Driver_Encoder.o
 .debug_ranges  0x00000000000007d8       0xa0 ./Driver/src/Driver_I2C2.o
 .debug_ranges  0x0000000000000878       0x70 ./Driver/src/Driver_USART.o
 .debug_ranges  0x00000000000008e8       0x58 ./Debug/debug.o

.debug_line     0x0000000000000000     0xb46d
 .debug_line    0x0000000000000000      0x2e1 ./User/ch32v30x_it.o
 .debug_line    0x00000000000002e1      0x50b ./User/main.o
 .debug_line    0x00000000000007ec      0x910 ./User/system_ch32v30x.o
 .debug_line    0x00000000000010fc      0x122 ./Startup/startup_ch32v30x_D8C.o
 .debug_line    0x000000000000121e     0x1279 ./Peripheral/src/ch32v30x_gpio.o
 .debug_line    0x0000000000002497      0x3f0 ./Peripheral/src/ch32v30x_misc.o
 .debug_line    0x0000000000002887     0x19ab ./Peripheral/src/ch32v30x_rcc.o
 .debug_line    0x0000000000004232     0x3318 ./Peripheral/src/ch32v30x_tim.o
 .debug_line    0x000000000000754a      0xf18 ./Peripheral/src/ch32v30x_usart.o
 .debug_line    0x0000000000008462      0xb6c ./Fuation/src/atk_ms6050.o
 .debug_line    0x0000000000008fce      0x825 ./Driver/src/Driver_Encoder.o
 .debug_line    0x00000000000097f3      0x895 ./Driver/src/Driver_I2C2.o
 .debug_line    0x000000000000a088      0xb77 ./Driver/src/Driver_USART.o
 .debug_line    0x000000000000abff      0x86e ./Debug/debug.o

.debug_str      0x0000000000000000     0x2c74
 .debug_str     0x0000000000000000      0x5fb ./User/ch32v30x_it.o
                                        0x676 (size before relaxing)
 .debug_str     0x00000000000005fb       0xf7 ./User/main.o
                                        0x672 (size before relaxing)
 .debug_str     0x00000000000006f2      0x109 ./User/system_ch32v30x.o
                                        0x6db (size before relaxing)
 .debug_str     0x00000000000007fb       0x2e ./Startup/startup_ch32v30x_D8C.o
                                         0x4b (size before relaxing)
 .debug_str     0x0000000000000829      0x3f4 ./Peripheral/src/ch32v30x_gpio.o
                                        0x9a1 (size before relaxing)
 .debug_str     0x0000000000000c1d      0x63c ./Peripheral/src/ch32v30x_misc.o
                                        0xcaa (size before relaxing)
 .debug_str     0x0000000000001259      0x5c2 ./Peripheral/src/ch32v30x_rcc.o
                                        0xcd0 (size before relaxing)
 .debug_str     0x000000000000181b      0xbb0 ./Peripheral/src/ch32v30x_tim.o
                                       0x1277 (size before relaxing)
 .debug_str     0x00000000000023cb      0x3f5 ./Peripheral/src/ch32v30x_usart.o
                                        0xaeb (size before relaxing)
 .debug_str     0x00000000000027c0      0x17e ./Fuation/src/atk_ms6050.o
                                        0x901 (size before relaxing)
 .debug_str     0x000000000000293e      0x113 ./Driver/src/Driver_Encoder.o
                                       0x104b (size before relaxing)
 .debug_str     0x0000000000002a51       0x5a ./Driver/src/Driver_I2C2.o
                                        0x708 (size before relaxing)
 .debug_str     0x0000000000002aab      0x11a ./Driver/src/Driver_USART.o
                                        0xfb2 (size before relaxing)
 .debug_str     0x0000000000002bc5       0xaf ./Debug/debug.o
                                        0xee2 (size before relaxing)

.comment        0x0000000000000000       0x33
 .comment       0x0000000000000000       0x33 ./User/ch32v30x_it.o
                                         0x34 (size before relaxing)
 .comment       0x0000000000000033       0x34 ./User/main.o
 .comment       0x0000000000000033       0x34 ./User/system_ch32v30x.o
 .comment       0x0000000000000033       0x34 ./Peripheral/src/ch32v30x_gpio.o
 .comment       0x0000000000000033       0x34 ./Peripheral/src/ch32v30x_misc.o
 .comment       0x0000000000000033       0x34 ./Peripheral/src/ch32v30x_rcc.o
 .comment       0x0000000000000033       0x34 ./Peripheral/src/ch32v30x_tim.o
 .comment       0x0000000000000033       0x34 ./Peripheral/src/ch32v30x_usart.o
 .comment       0x0000000000000033       0x34 ./Fuation/src/atk_ms6050.o
 .comment       0x0000000000000033       0x34 ./Driver/src/Driver_Encoder.o
 .comment       0x0000000000000033       0x34 ./Driver/src/Driver_I2C2.o
 .comment       0x0000000000000033       0x34 ./Driver/src/Driver_USART.o
 .comment       0x0000000000000033       0x34 ./Debug/debug.o

.debug_frame    0x0000000000000000     0x1d40
 .debug_frame   0x0000000000000000       0x30 ./User/ch32v30x_it.o
 .debug_frame   0x0000000000000030       0x30 ./User/main.o
 .debug_frame   0x0000000000000060       0x3c ./User/system_ch32v30x.o
 .debug_frame   0x000000000000009c      0x174 ./Peripheral/src/ch32v30x_gpio.o
 .debug_frame   0x0000000000000210       0x30 ./Peripheral/src/ch32v30x_misc.o
 .debug_frame   0x0000000000000240      0x344 ./Peripheral/src/ch32v30x_rcc.o
 .debug_frame   0x0000000000000584      0x614 ./Peripheral/src/ch32v30x_tim.o
 .debug_frame   0x0000000000000b98      0x1e4 ./Peripheral/src/ch32v30x_usart.o
 .debug_frame   0x0000000000000d7c      0x1d4 ./Fuation/src/atk_ms6050.o
 .debug_frame   0x0000000000000f50       0xb4 ./Driver/src/Driver_Encoder.o
 .debug_frame   0x0000000000001004      0x12c ./Driver/src/Driver_I2C2.o
 .debug_frame   0x0000000000001130      0x110 ./Driver/src/Driver_USART.o
 .debug_frame   0x0000000000001240       0xe8 ./Debug/debug.o
 .debug_frame   0x0000000000001328       0x40 f:/mu/mounriver_studio2/resources/app/resources/win32/components/wch/toolchain/risc-v embedded gcc/bin/../lib/gcc/riscv-none-embed/8.2.0/rv32imacxw/ilp32\libgcc.a(addsf3.o)
 .debug_frame   0x0000000000001368       0x50 f:/mu/mounriver_studio2/resources/app/resources/win32/components/wch/toolchain/risc-v embedded gcc/bin/../lib/gcc/riscv-none-embed/8.2.0/rv32imacxw/ilp32\libgcc.a(divsf3.o)
 .debug_frame   0x00000000000013b8       0x50 f:/mu/mounriver_studio2/resources/app/resources/win32/components/wch/toolchain/risc-v embedded gcc/bin/../lib/gcc/riscv-none-embed/8.2.0/rv32imacxw/ilp32\libgcc.a(mulsf3.o)
 .debug_frame   0x0000000000001408       0x20 f:/mu/mounriver_studio2/resources/app/resources/win32/components/wch/toolchain/risc-v embedded gcc/bin/../lib/gcc/riscv-none-embed/8.2.0/rv32imacxw/ilp32\libgcc.a(fixsfsi.o)
 .debug_frame   0x0000000000001428       0x38 f:/mu/mounriver_studio2/resources/app/resources/win32/components/wch/toolchain/risc-v embedded gcc/bin/../lib/gcc/riscv-none-embed/8.2.0/rv32imacxw/ilp32\libgcc.a(floatsisf.o)
 .debug_frame   0x0000000000001460       0x20 f:/mu/mounriver_studio2/resources/app/resources/win32/components/wch/toolchain/risc-v embedded gcc/bin/../lib/gcc/riscv-none-embed/8.2.0/rv32imacxw/ilp32\libgcc.a(_clzsi2.o)
 .debug_frame   0x0000000000001480       0x54 f:/mu/mounriver_studio2/resources/app/resources/win32/components/wch/toolchain/risc-v embedded gcc/bin/../lib/gcc/riscv-none-embed/8.2.0/../../../../riscv-none-embed/lib/rv32imacxw/ilp32\libg_nano.a(lib_a-printf.o)
 .debug_frame   0x00000000000014d4      0x148 f:/mu/mounriver_studio2/resources/app/resources/win32/components/wch/toolchain/risc-v embedded gcc/bin/../lib/gcc/riscv-none-embed/8.2.0/../../../../riscv-none-embed/lib/rv32imacxw/ilp32\libg_nano.a(lib_a-findfp.o)
 .debug_frame   0x000000000000161c       0x88 f:/mu/mounriver_studio2/resources/app/resources/win32/components/wch/toolchain/risc-v embedded gcc/bin/../lib/gcc/riscv-none-embed/8.2.0/../../../../riscv-none-embed/lib/rv32imacxw/ilp32\libg_nano.a(lib_a-fwalk.o)
 .debug_frame   0x00000000000016a4       0x40 f:/mu/mounriver_studio2/resources/app/resources/win32/components/wch/toolchain/risc-v embedded gcc/bin/../lib/gcc/riscv-none-embed/8.2.0/../../../../riscv-none-embed/lib/rv32imacxw/ilp32\libg_nano.a(lib_a-nano-mallocr.o)
 .debug_frame   0x00000000000016e4       0xd0 f:/mu/mounriver_studio2/resources/app/resources/win32/components/wch/toolchain/risc-v embedded gcc/bin/../lib/gcc/riscv-none-embed/8.2.0/../../../../riscv-none-embed/lib/rv32imacxw/ilp32\libg_nano.a(lib_a-nano-vfprintf.o)
 .debug_frame   0x00000000000017b4       0x8c f:/mu/mounriver_studio2/resources/app/resources/win32/components/wch/toolchain/risc-v embedded gcc/bin/../lib/gcc/riscv-none-embed/8.2.0/../../../../riscv-none-embed/lib/rv32imacxw/ilp32\libg_nano.a(lib_a-nano-vfprintf_i.o)
 .debug_frame   0x0000000000001840       0x30 f:/mu/mounriver_studio2/resources/app/resources/win32/components/wch/toolchain/risc-v embedded gcc/bin/../lib/gcc/riscv-none-embed/8.2.0/../../../../riscv-none-embed/lib/rv32imacxw/ilp32\libg_nano.a(lib_a-sbrkr.o)
 .debug_frame   0x0000000000001870       0xa4 f:/mu/mounriver_studio2/resources/app/resources/win32/components/wch/toolchain/risc-v embedded gcc/bin/../lib/gcc/riscv-none-embed/8.2.0/../../../../riscv-none-embed/lib/rv32imacxw/ilp32\libg_nano.a(lib_a-stdio.o)
 .debug_frame   0x0000000000001914       0x50 f:/mu/mounriver_studio2/resources/app/resources/win32/components/wch/toolchain/risc-v embedded gcc/bin/../lib/gcc/riscv-none-embed/8.2.0/../../../../riscv-none-embed/lib/rv32imacxw/ilp32\libg_nano.a(lib_a-wbuf.o)
 .debug_frame   0x0000000000001964       0x30 f:/mu/mounriver_studio2/resources/app/resources/win32/components/wch/toolchain/risc-v embedded gcc/bin/../lib/gcc/riscv-none-embed/8.2.0/../../../../riscv-none-embed/lib/rv32imacxw/ilp32\libg_nano.a(lib_a-writer.o)
 .debug_frame   0x0000000000001994       0x3c f:/mu/mounriver_studio2/resources/app/resources/win32/components/wch/toolchain/risc-v embedded gcc/bin/../lib/gcc/riscv-none-embed/8.2.0/../../../../riscv-none-embed/lib/rv32imacxw/ilp32\libg_nano.a(lib_a-wsetup.o)
 .debug_frame   0x00000000000019d0       0x30 f:/mu/mounriver_studio2/resources/app/resources/win32/components/wch/toolchain/risc-v embedded gcc/bin/../lib/gcc/riscv-none-embed/8.2.0/../../../../riscv-none-embed/lib/rv32imacxw/ilp32\libg_nano.a(lib_a-closer.o)
 .debug_frame   0x0000000000001a00       0x7c f:/mu/mounriver_studio2/resources/app/resources/win32/components/wch/toolchain/risc-v embedded gcc/bin/../lib/gcc/riscv-none-embed/8.2.0/../../../../riscv-none-embed/lib/rv32imacxw/ilp32\libg_nano.a(lib_a-fflush.o)
 .debug_frame   0x0000000000001a7c       0x30 f:/mu/mounriver_studio2/resources/app/resources/win32/components/wch/toolchain/risc-v embedded gcc/bin/../lib/gcc/riscv-none-embed/8.2.0/../../../../riscv-none-embed/lib/rv32imacxw/ilp32\libg_nano.a(lib_a-lseekr.o)
 .debug_frame   0x0000000000001aac       0x64 f:/mu/mounriver_studio2/resources/app/resources/win32/components/wch/toolchain/risc-v embedded gcc/bin/../lib/gcc/riscv-none-embed/8.2.0/../../../../riscv-none-embed/lib/rv32imacxw/ilp32\libg_nano.a(lib_a-makebuf.o)
 .debug_frame   0x0000000000001b10       0x20 f:/mu/mounriver_studio2/resources/app/resources/win32/components/wch/toolchain/risc-v embedded gcc/bin/../lib/gcc/riscv-none-embed/8.2.0/../../../../riscv-none-embed/lib/rv32imacxw/ilp32\libg_nano.a(lib_a-memchr.o)
 .debug_frame   0x0000000000001b30       0x30 f:/mu/mounriver_studio2/resources/app/resources/win32/components/wch/toolchain/risc-v embedded gcc/bin/../lib/gcc/riscv-none-embed/8.2.0/../../../../riscv-none-embed/lib/rv32imacxw/ilp32\libg_nano.a(lib_a-mlock.o)
 .debug_frame   0x0000000000001b60       0x40 f:/mu/mounriver_studio2/resources/app/resources/win32/components/wch/toolchain/risc-v embedded gcc/bin/../lib/gcc/riscv-none-embed/8.2.0/../../../../riscv-none-embed/lib/rv32imacxw/ilp32\libg_nano.a(lib_a-nano-freer.o)
 .debug_frame   0x0000000000001ba0       0x30 f:/mu/mounriver_studio2/resources/app/resources/win32/components/wch/toolchain/risc-v embedded gcc/bin/../lib/gcc/riscv-none-embed/8.2.0/../../../../riscv-none-embed/lib/rv32imacxw/ilp32\libg_nano.a(lib_a-readr.o)
 .debug_frame   0x0000000000001bd0       0x70 f:/mu/mounriver_studio2/resources/app/resources/win32/components/wch/toolchain/risc-v embedded gcc/bin/../lib/gcc/riscv-none-embed/8.2.0/../../../../riscv-none-embed/lib/rv32imacxw/ilp32\libg_nano.a(lib_a-reent.o)
 .debug_frame   0x0000000000001c40       0x30 f:/mu/mounriver_studio2/resources/app/resources/win32/components/wch/toolchain/risc-v embedded gcc/bin/../lib/gcc/riscv-none-embed/8.2.0/../../../../riscv-none-embed/lib/rv32imacxw/ilp32\libg_nano.a(lib_a-fstatr.o)
 .debug_frame   0x0000000000001c70       0x30 f:/mu/mounriver_studio2/resources/app/resources/win32/components/wch/toolchain/risc-v embedded gcc/bin/../lib/gcc/riscv-none-embed/8.2.0/../../../../riscv-none-embed/lib/rv32imacxw/ilp32\libg_nano.a(lib_a-isattyr.o)
 .debug_frame   0x0000000000001ca0       0x20 f:/mu/mounriver_studio2/resources/app/resources/win32/components/wch/toolchain/risc-v embedded gcc/bin/../lib/gcc/riscv-none-embed/8.2.0/../../../../riscv-none-embed/lib/rv32imacxw/ilp32\libnosys.a(close.o)
 .debug_frame   0x0000000000001cc0       0x20 f:/mu/mounriver_studio2/resources/app/resources/win32/components/wch/toolchain/risc-v embedded gcc/bin/../lib/gcc/riscv-none-embed/8.2.0/../../../../riscv-none-embed/lib/rv32imacxw/ilp32\libnosys.a(fstat.o)
 .debug_frame   0x0000000000001ce0       0x20 f:/mu/mounriver_studio2/resources/app/resources/win32/components/wch/toolchain/risc-v embedded gcc/bin/../lib/gcc/riscv-none-embed/8.2.0/../../../../riscv-none-embed/lib/rv32imacxw/ilp32\libnosys.a(isatty.o)
 .debug_frame   0x0000000000001d00       0x20 f:/mu/mounriver_studio2/resources/app/resources/win32/components/wch/toolchain/risc-v embedded gcc/bin/../lib/gcc/riscv-none-embed/8.2.0/../../../../riscv-none-embed/lib/rv32imacxw/ilp32\libnosys.a(lseek.o)
 .debug_frame   0x0000000000001d20       0x20 f:/mu/mounriver_studio2/resources/app/resources/win32/components/wch/toolchain/risc-v embedded gcc/bin/../lib/gcc/riscv-none-embed/8.2.0/../../../../riscv-none-embed/lib/rv32imacxw/ilp32\libnosys.a(read.o)

.debug_loc      0x0000000000000000     0x3e8b
 .debug_loc     0x0000000000000000       0x90 ./User/main.o
 .debug_loc     0x0000000000000090      0x163 ./User/system_ch32v30x.o
 .debug_loc     0x00000000000001f3      0x72b ./Peripheral/src/ch32v30x_gpio.o
 .debug_loc     0x000000000000091e       0x47 ./Peripheral/src/ch32v30x_misc.o
 .debug_loc     0x0000000000000965      0xadb ./Peripheral/src/ch32v30x_rcc.o
 .debug_loc     0x0000000000001440     0x195e ./Peripheral/src/ch32v30x_tim.o
 .debug_loc     0x0000000000002d9e      0x779 ./Peripheral/src/ch32v30x_usart.o
 .debug_loc     0x0000000000003517      0x449 ./Fuation/src/atk_ms6050.o
 .debug_loc     0x0000000000003960      0x122 ./Driver/src/Driver_Encoder.o
 .debug_loc     0x0000000000003a82      0x13c ./Driver/src/Driver_I2C2.o
 .debug_loc     0x0000000000003bbe      0x142 ./Driver/src/Driver_USART.o
 .debug_loc     0x0000000000003d00      0x18b ./Debug/debug.o

.stab           0x0000000000000000       0x84
 .stab          0x0000000000000000       0x24 f:/mu/mounriver_studio2/resources/app/resources/win32/components/wch/toolchain/risc-v embedded gcc/bin/../lib/gcc/riscv-none-embed/8.2.0/../../../../riscv-none-embed/lib/rv32imacxw/ilp32\libnosys.a(close.o)
 .stab          0x0000000000000024       0x18 f:/mu/mounriver_studio2/resources/app/resources/win32/components/wch/toolchain/risc-v embedded gcc/bin/../lib/gcc/riscv-none-embed/8.2.0/../../../../riscv-none-embed/lib/rv32imacxw/ilp32\libnosys.a(fstat.o)
                                         0x24 (size before relaxing)
 .stab          0x000000000000003c       0x18 f:/mu/mounriver_studio2/resources/app/resources/win32/components/wch/toolchain/risc-v embedded gcc/bin/../lib/gcc/riscv-none-embed/8.2.0/../../../../riscv-none-embed/lib/rv32imacxw/ilp32\libnosys.a(isatty.o)
                                         0x24 (size before relaxing)
 .stab          0x0000000000000054       0x18 f:/mu/mounriver_studio2/resources/app/resources/win32/components/wch/toolchain/risc-v embedded gcc/bin/../lib/gcc/riscv-none-embed/8.2.0/../../../../riscv-none-embed/lib/rv32imacxw/ilp32\libnosys.a(lseek.o)
                                         0x24 (size before relaxing)
 .stab          0x000000000000006c       0x18 f:/mu/mounriver_studio2/resources/app/resources/win32/components/wch/toolchain/risc-v embedded gcc/bin/../lib/gcc/riscv-none-embed/8.2.0/../../../../riscv-none-embed/lib/rv32imacxw/ilp32\libnosys.a(read.o)
                                         0x24 (size before relaxing)

.stabstr        0x0000000000000000      0x117
 .stabstr       0x0000000000000000      0x117 f:/mu/mounriver_studio2/resources/app/resources/win32/components/wch/toolchain/risc-v embedded gcc/bin/../lib/gcc/riscv-none-embed/8.2.0/../../../../riscv-none-embed/lib/rv32imacxw/ilp32\libnosys.a(close.o)
